Archive member included to satisfy reference by file (symbol)

C:/ST/STM32CubeIDE_1.15.1/STM32CubeIDE/plugins/com.st.stm32cube.ide.mcu.externaltools.gnu-tools-for-stm32.12.3.rel1.win32_1.1.0.202410251130/tools/bin/../lib/gcc/arm-none-eabi/12.3.1/../../../../arm-none-eabi/lib/thumb/v8-m.main+fp/hard\libc_nano.a(libc_a-atoi.o)
                              ./Core/Src/RTC.o (atoi)
C:/ST/STM32CubeIDE_1.15.1/STM32CubeIDE/plugins/com.st.stm32cube.ide.mcu.externaltools.gnu-tools-for-stm32.12.3.rel1.win32_1.1.0.202410251130/tools/bin/../lib/gcc/arm-none-eabi/12.3.1/../../../../arm-none-eabi/lib/thumb/v8-m.main+fp/hard\libc_nano.a(libc_a-atol.o)
                              ./Core/Src/utilities.o (atol)
C:/ST/STM32CubeIDE_1.15.1/STM32CubeIDE/plugins/com.st.stm32cube.ide.mcu.externaltools.gnu-tools-for-stm32.12.3.rel1.win32_1.1.0.202410251130/tools/bin/../lib/gcc/arm-none-eabi/12.3.1/../../../../arm-none-eabi/lib/thumb/v8-m.main+fp/hard\libc_nano.a(libc_a-exit.o)
                              C:/ST/STM32CubeIDE_1.15.1/STM32CubeIDE/plugins/com.st.stm32cube.ide.mcu.externaltools.gnu-tools-for-stm32.12.3.rel1.win32_1.1.0.202410251130/tools/bin/../lib/gcc/arm-none-eabi/12.3.1/../../../../arm-none-eabi/lib/thumb/v8-m.main+fp/hard/crt0.o (exit)
C:/ST/STM32CubeIDE_1.15.1/STM32CubeIDE/plugins/com.st.stm32cube.ide.mcu.externaltools.gnu-tools-for-stm32.12.3.rel1.win32_1.1.0.202410251130/tools/bin/../lib/gcc/arm-none-eabi/12.3.1/../../../../arm-none-eabi/lib/thumb/v8-m.main+fp/hard\libc_nano.a(libc_a-strtol.o)
                              C:/ST/STM32CubeIDE_1.15.1/STM32CubeIDE/plugins/com.st.stm32cube.ide.mcu.externaltools.gnu-tools-for-stm32.12.3.rel1.win32_1.1.0.202410251130/tools/bin/../lib/gcc/arm-none-eabi/12.3.1/../../../../arm-none-eabi/lib/thumb/v8-m.main+fp/hard\libc_nano.a(libc_a-atoi.o) (_strtol_r)
C:/ST/STM32CubeIDE_1.15.1/STM32CubeIDE/plugins/com.st.stm32cube.ide.mcu.externaltools.gnu-tools-for-stm32.12.3.rel1.win32_1.1.0.202410251130/tools/bin/../lib/gcc/arm-none-eabi/12.3.1/../../../../arm-none-eabi/lib/thumb/v8-m.main+fp/hard\libc_nano.a(libc_a-ctype_.o)
                              C:/ST/STM32CubeIDE_1.15.1/STM32CubeIDE/plugins/com.st.stm32cube.ide.mcu.externaltools.gnu-tools-for-stm32.12.3.rel1.win32_1.1.0.202410251130/tools/bin/../lib/gcc/arm-none-eabi/12.3.1/../../../../arm-none-eabi/lib/thumb/v8-m.main+fp/hard\libc_nano.a(libc_a-strtol.o) (_ctype_)
C:/ST/STM32CubeIDE_1.15.1/STM32CubeIDE/plugins/com.st.stm32cube.ide.mcu.externaltools.gnu-tools-for-stm32.12.3.rel1.win32_1.1.0.202410251130/tools/bin/../lib/gcc/arm-none-eabi/12.3.1/../../../../arm-none-eabi/lib/thumb/v8-m.main+fp/hard\libc_nano.a(libc_a-findfp.o)
                              C:/ST/STM32CubeIDE_1.15.1/STM32CubeIDE/plugins/com.st.stm32cube.ide.mcu.externaltools.gnu-tools-for-stm32.12.3.rel1.win32_1.1.0.202410251130/tools/bin/../lib/gcc/arm-none-eabi/12.3.1/../../../../arm-none-eabi/lib/thumb/v8-m.main+fp/hard\libc_nano.a(libc_a-exit.o) (__stdio_exit_handler)
C:/ST/STM32CubeIDE_1.15.1/STM32CubeIDE/plugins/com.st.stm32cube.ide.mcu.externaltools.gnu-tools-for-stm32.12.3.rel1.win32_1.1.0.202410251130/tools/bin/../lib/gcc/arm-none-eabi/12.3.1/../../../../arm-none-eabi/lib/thumb/v8-m.main+fp/hard\libc_nano.a(libc_a-fwalk.o)
                              C:/ST/STM32CubeIDE_1.15.1/STM32CubeIDE/plugins/com.st.stm32cube.ide.mcu.externaltools.gnu-tools-for-stm32.12.3.rel1.win32_1.1.0.202410251130/tools/bin/../lib/gcc/arm-none-eabi/12.3.1/../../../../arm-none-eabi/lib/thumb/v8-m.main+fp/hard\libc_nano.a(libc_a-findfp.o) (_fwalk_sglue)
C:/ST/STM32CubeIDE_1.15.1/STM32CubeIDE/plugins/com.st.stm32cube.ide.mcu.externaltools.gnu-tools-for-stm32.12.3.rel1.win32_1.1.0.202410251130/tools/bin/../lib/gcc/arm-none-eabi/12.3.1/../../../../arm-none-eabi/lib/thumb/v8-m.main+fp/hard\libc_nano.a(libc_a-sprintf.o)
                              ./Core/Src/RTC.o (sprintf)
C:/ST/STM32CubeIDE_1.15.1/STM32CubeIDE/plugins/com.st.stm32cube.ide.mcu.externaltools.gnu-tools-for-stm32.12.3.rel1.win32_1.1.0.202410251130/tools/bin/../lib/gcc/arm-none-eabi/12.3.1/../../../../arm-none-eabi/lib/thumb/v8-m.main+fp/hard\libc_nano.a(libc_a-stdio.o)
                              C:/ST/STM32CubeIDE_1.15.1/STM32CubeIDE/plugins/com.st.stm32cube.ide.mcu.externaltools.gnu-tools-for-stm32.12.3.rel1.win32_1.1.0.202410251130/tools/bin/../lib/gcc/arm-none-eabi/12.3.1/../../../../arm-none-eabi/lib/thumb/v8-m.main+fp/hard\libc_nano.a(libc_a-findfp.o) (__sread)
C:/ST/STM32CubeIDE_1.15.1/STM32CubeIDE/plugins/com.st.stm32cube.ide.mcu.externaltools.gnu-tools-for-stm32.12.3.rel1.win32_1.1.0.202410251130/tools/bin/../lib/gcc/arm-none-eabi/12.3.1/../../../../arm-none-eabi/lib/thumb/v8-m.main+fp/hard\libc_nano.a(libc_a-memset.o)
                              C:/ST/STM32CubeIDE_1.15.1/STM32CubeIDE/plugins/com.st.stm32cube.ide.mcu.externaltools.gnu-tools-for-stm32.12.3.rel1.win32_1.1.0.202410251130/tools/bin/../lib/gcc/arm-none-eabi/12.3.1/../../../../arm-none-eabi/lib/thumb/v8-m.main+fp/hard/crt0.o (memset)
[...]
Memory Configuration

Name             Origin             Length             Attributes
RAM              0x20000000         0x00008000         xrw
FLASH            0x08000000         0x00020000         xr
*default*        0x00000000         0xffffffff

Linker script and memory map

LOAD C:/ST/STM32CubeIDE_1.15.1/STM32CubeIDE/plugins/com.st.stm32cube.ide.mcu.externaltools.gnu-tools-for-stm32.12.3.rel1.win32_1.1.0.202410251130/tools/bin/../lib/gcc/arm-none-eabi/12.3.1/thumb/v8-m.main+fp/hard/crti.o
LOAD C:/ST/STM32CubeIDE_1.15.1/STM32CubeIDE/plugins/com.st.stm32cube.ide.mcu.externaltools.gnu-tools-for-stm32.12.3.rel1.win32_1.1.0.202410251130/tools/bin/../lib/gcc/arm-none-eabi/12.3.1/thumb/v8-m.main+fp/hard/crtbegin.o
LOAD C:/ST/STM32CubeIDE_1.15.1/STM32CubeIDE/plugins/com.st.stm32cube.ide.mcu.externaltools.gnu-tools-for-stm32.12.3.rel1.win32_1.1.0.202410251130/tools/bin/../lib/gcc/arm-none-eabi/12.3.1/../../../../arm-none-eabi/lib/thumb/v8-m.main+fp/hard/crt0.o
LOAD ./Core/Src/BLE_send_recv.o
LOAD ./Core/Src/RTC.o
LOAD ./Core/Src/fdcan.o
LOAD ./Core/Src/gpio.o
LOAD ./Core/Src/gps.o
LOAD ./Core/Src/main.o
LOAD ./Core/Src/memorymap.o
LOAD ./Core/Src/spi.o
LOAD ./Core/Src/stm32h5xx_hal_msp.o
LOAD ./Core/Src/stm32h5xx_it.o
LOAD ./Core/Src/syscalls.o
LOAD ./Core/Src/sysmem.o
LOAD ./Core/Src/system_stm32h5xx.o
LOAD ./Core/Src/tim.o
LOAD ./Core/Src/usart.o
LOAD ./Core/Src/utilities.o
LOAD ./Core/Src/wwdg.o
LOAD ./Core/Startup/startup_stm32h503cbtx.o
LOAD ./Drivers/STM32H5xx_HAL_Driver/Src/stm32h5xx_hal.o
LOAD ./Drivers/STM32H5xx_HAL_Driver/Src/stm32h5xx_hal_cortex.o
LOAD ./Drivers/STM32H5xx_HAL_Driver/Src/stm32h5xx_hal_dma.o
LOAD ./Drivers/STM32H5xx_HAL_Driver/Src/stm32h5xx_hal_dma_ex.o
LOAD ./Drivers/STM32H5xx_HAL_Driver/Src/stm32h5xx_hal_exti.o
LOAD ./Drivers/STM32H5xx_HAL_Driver/Src/stm32h5xx_hal_fdcan.o
LOAD ./Drivers/STM32H5xx_HAL_Driver/Src/stm32h5xx_hal_flash.o
LOAD ./Drivers/STM32H5xx_HAL_Driver/Src/stm32h5xx_hal_flash_ex.o
LOAD ./Drivers/STM32H5xx_HAL_Driver/Src/stm32h5xx_hal_gpio.o
LOAD ./Drivers/STM32H5xx_HAL_Driver/Src/stm32h5xx_hal_pwr.o
LOAD ./Drivers/STM32H5xx_HAL_Driver/Src/stm32h5xx_hal_pwr_ex.o
LOAD ./Drivers/STM32H5xx_HAL_Driver/Src/stm32h5xx_hal_rcc.o
LOAD ./Drivers/STM32H5xx_HAL_Driver/Src/stm32h5xx_hal_rcc_ex.o
LOAD ./Drivers/STM32H5xx_HAL_Driver/Src/stm32h5xx_hal_spi.o
LOAD ./Drivers/STM32H5xx_HAL_Driver/Src/stm32h5xx_hal_spi_ex.o
LOAD ./Drivers/STM32H5xx_HAL_Driver/Src/stm32h5xx_hal_tim.o
LOAD ./Drivers/STM32H5xx_HAL_Driver/Src/stm32h5xx_hal_tim_ex.o
LOAD ./Drivers/STM32H5xx_HAL_Driver/Src/stm32h5xx_hal_uart.o
LOAD ./Drivers/STM32H5xx_HAL_Driver/Src/stm32h5xx_hal_uart_ex.o
LOAD ./Drivers/STM32H5xx_HAL_Driver/Src/stm32h5xx_hal_wwdg.o
START GROUP
LOAD C:/ST/STM32CubeIDE_1.15.1/STM32CubeIDE/plugins/com.st.stm32cube.ide.mcu.externaltools.gnu-tools-for-stm32.12.3.rel1.win32_1.1.0.202410251130/tools/bin/../lib/gcc/arm-none-eabi/12.3.1/../../../../arm-none-eabi/lib/thumb/v8-m.main+fp/hard\libc_nano.a
LOAD C:/ST/STM32CubeIDE_1.15.1/STM32CubeIDE/plugins/com.st.stm32cube.ide.mcu.externaltools.gnu-tools-for-stm32.12.3.rel1.win32_1.1.0.202410251130/tools/bin/../lib/gcc/arm-none-eabi/12.3.1/../../../../arm-none-eabi/lib/thumb/v8-m.main+fp/hard\libm.a
END GROUP
START GROUP
LOAD C:/ST/STM32CubeIDE_1.15.1/STM32CubeIDE/plugins/com.st.stm32cube.ide.mcu.externaltools.gnu-tools-for-stm32.12.3.rel1.win32_1.1.0.202410251130/tools/bin/../lib/gcc/arm-none-eabi/12.3.1/thumb/v8-m.main+fp/hard\libgcc.a
LOAD C:/ST/STM32CubeIDE_1.15.1/STM32CubeIDE/plugins/com.st.stm32cube.ide.mcu.externaltools.gnu-tools-for-stm32.12.3.rel1.win32_1.1.0.202410251130/tools/bin/../lib/gcc/arm-none-eabi/12.3.1/../../../../arm-none-eabi/lib/thumb/v8-m.main+fp/hard\libc_nano.a
END GROUP
START GROUP
LOAD C:/ST/STM32CubeIDE_1.15.1/STM32CubeIDE/plugins/com.st.stm32cube.ide.mcu.externaltools.gnu-tools-for-stm32.12.3.rel1.win32_1.1.0.202410251130/tools/bin/../lib/gcc/arm-none-eabi/12.3.1/thumb/v8-m.main+fp/hard\libgcc.a
LOAD C:/ST/STM32CubeIDE_1.15.1/STM32CubeIDE/plugins/com.st.stm32cube.ide.mcu.externaltools.gnu-tools-for-stm32.12.3.rel1.win32_1.1.0.202410251130/tools/bin/../lib/gcc/arm-none-eabi/12.3.1/../../../../arm-none-eabi/lib/thumb/v8-m.main+fp/hard\libc_nano.a
LOAD C:/ST/STM32CubeIDE_1.15.1/STM32CubeIDE/plugins/com.st.stm32cube.ide.mcu.externaltools.gnu-tools-for-stm32.12.3.rel1.win32_1.1.0.202410251130/tools/bin/../lib/gcc/arm-none-eabi/12.3.1/../../../../arm-none-eabi/lib/thumb/v8-m.main+fp/hard\libnosys.a
END GROUP
START GROUP
LOAD C:/ST/STM32CubeIDE_1.15.1/STM32CubeIDE/plugins/com.st.stm32cube.ide.mcu.externaltools.gnu-tools-for-stm32.12.3.rel1.win32_1.1.0.202410251130/tools/bin/../lib/gcc/arm-none-eabi/12.3.1/thumb/v8-m.main+fp/hard\libgcc.a
LOAD C:/ST/STM32CubeIDE_1.15.1/STM32CubeIDE/plugins/com.st.stm32cube.ide.mcu.externaltools.gnu-tools-for-stm32.12.3.rel1.win32_1.1.0.202410251130/tools/bin/../lib/gcc/arm-none-eabi/12.3.1/../../../../arm-none-eabi/lib/thumb/v8-m.main+fp/hard\libc_nano.a
LOAD C:/ST/STM32CubeIDE_1.15.1/STM32CubeIDE/plugins/com.st.stm32cube.ide.mcu.externaltools.gnu-tools-for-stm32.12.3.rel1.win32_1.1.0.202410251130/tools/bin/../lib/gcc/arm-none-eabi/12.3.1/../../../../arm-none-eabi/lib/thumb/v8-m.main+fp/hard\libnosys.a
END GROUP
LOAD C:/ST/STM32CubeIDE_1.15.1/STM32CubeIDE/plugins/com.st.stm32cube.ide.mcu.externaltools.gnu-tools-for-stm32.12.3.rel1.win32_1.1.0.202410251130/tools/bin/../lib/gcc/arm-none-eabi/12.3.1/thumb/v8-m.main+fp/hard/crtend.o
LOAD C:/ST/STM32CubeIDE_1.15.1/STM32CubeIDE/plugins/com.st.stm32cube.ide.mcu.externaltools.gnu-tools-for-stm32.12.3.rel1.win32_1.1.0.202410251130/tools/bin/../lib/gcc/arm-none-eabi/12.3.1/thumb/v8-m.main+fp/hard/crtn.o
                0x20008000                        _estack = (ORIGIN (RAM) + LENGTH (RAM))
                0x00000200                        _Min_Heap_Size = 0x200
                0x00000400                        _Min_Stack_Size = 0x400

.isr_vector     0x08000000      0x258
                0x08000000                        . = ALIGN (0x4)
 *(.isr_vector)
 .isr_vector    0x08000000      0x258 ./Core/Startup/startup_stm32h503cbtx.o
                0x08000000                g_pfnVectors
                0x08000258                        . = ALIGN (0x4)

.text           0x08000258     0x9d08
                0x08000258                        . = ALIGN (0x4)
 *(.text)
 .text          0x08000258       0x40 C:/ST/STM32CubeIDE_1.15.1/STM32CubeIDE/plugins/com.st.stm32cube.ide.mcu.externaltools.gnu-tools-for-stm32.12.3.rel1.win32_1.1.0.202410251130/tools/bin/../lib/gcc/arm-none-eabi/12.3.1/thumb/v8-m.main+fp/hard/crtbegin.o
 .text          0x08000298       0x10 C:/ST/STM32CubeIDE_1.15.1/STM32CubeIDE/plugins/com.st.stm32cube.ide.mcu.externaltools.gnu-tools-for-stm32.12.3.rel1.win32_1.1.0.202410251130/tools/bin/../lib/gcc/arm-none-eabi/12.3.1/../../../../arm-none-eabi/lib/thumb/v8-m.main+fp/hard\libc_nano.a(libc_a-strlen.o)
                0x08000298                strlen
 .text          0x080002a8       0x30 C:/ST/STM32CubeIDE_1.15.1/STM32CubeIDE/plugins/com.st.stm32cube.ide.mcu.externaltools.gnu-tools-for-stm32.12.3.rel1.win32_1.1.0.202410251130/tools/bin/../lib/gcc/arm-none-eabi/12.3.1/thumb/v8-m.main+fp/hard\libgcc.a(_aeabi_uldivmod.o)
                0x080002a8                __aeabi_uldivmod
 .text          0x080002d8      0x2e4 C:/ST/STM32CubeIDE_1.15.1/STM32CubeIDE/plugins/com.st.stm32cube.ide.mcu.externaltools.gnu-tools-for-stm32.12.3.rel1.win32_1.1.0.202410251130/tools/bin/../lib/gcc/arm-none-eabi/12.3.1/thumb/v8-m.main+fp/hard\libgcc.a(_udivmoddi4.o)
                0x080002d8                __udivmoddi4
 .text          0x080005bc        0x4 C:/ST/STM32CubeIDE_1.15.1/STM32CubeIDE/plugins/com.st.stm32cube.ide.mcu.externaltools.gnu-tools-for-stm32.12.3.rel1.win32_1.1.0.202410251130/tools/bin/../lib/gcc/arm-none-eabi/12.3.1/thumb/v8-m.main+fp/hard\libgcc.a(_dvmd_tls.o)
                0x080005bc                __aeabi_idiv0
                0x080005bc                __aeabi_ldiv0
 *(.text*)
 .text.scan_state_manager
                0x080005c0       0x50 ./Core/Src/BLE_send_recv.o
                0x080005c0                scan_state_manager
 .text.scan_on_routine
                0x08000610       0xc8 ./Core/Src/BLE_send_recv.o
                0x08000610                scan_on_routine
 .text.scan_off_routine
                0x080006d8       0x34 ./Core/Src/BLE_send_recv.o
                0x080006d8                scan_off_routine
 .text.initiate_broadcast
                0x0800070c       0x5c ./Core/Src/BLE_send_recv.o
                0x0800070c                initiate_broadcast
 .text.initiate_scan_on
                0x08000768       0xac ./Core/Src/BLE_send_recv.o
                0x08000768                initiate_scan_on
 .text.initiate_scan_off
                0x08000814       0x54 ./Core/Src/BLE_send_recv.o
                0x08000814                initiate_scan_off
 .text.process_ti_receive
                0x08000868      0x110 ./Core/Src/BLE_send_recv.o
                0x08000868                process_ti_receive
 .text.send_totp_to_bmcu
                0x08000978       0x34 ./Core/Src/BLE_send_recv.o
                0x08000978                send_totp_to_bmcu
 .text.convert_tod_to_time
                0x080009ac       0x70 ./Core/Src/RTC.o
                0x080009ac                convert_tod_to_time
 .text.calculate_nextdate
                0x08000a1c      0x18c ./Core/Src/RTC.o
                0x08000a1c                calculate_nextdate
 .text.is_leap_year
                0x08000ba8       0x60 ./Core/Src/RTC.o
                0x08000ba8                is_leap_year
 .text.convert_strtime_TO_timeofday
                0x08000c08       0xbe ./Core/Src/RTC.o
                0x08000c08                convert_strtime_TO_timeofday
 *fill*         0x08000cc6        0x2 
 .text.set_tcu_time
                0x08000cc8      0x110 ./Core/Src/RTC.o
                0x08000cc8                set_tcu_time
 .text.validate_date_time
                0x08000dd8      0x1d2 ./Core/Src/RTC.o
                0x08000dd8                validate_date_time
 *fill*         0x08000faa        0x2 
 .text.read_tcu_time
                0x08000fac       0x3c ./Core/Src/RTC.o
                0x08000fac                read_tcu_time
 .text.MX_FDCAN1_Init
                0x08000fe8       0xb4 ./Core/Src/fdcan.o
                0x08000fe8                MX_FDCAN1_Init
 .text.HAL_FDCAN_MspInit
                0x0800109c       0xe0 ./Core/Src/fdcan.o
                0x0800109c                HAL_FDCAN_MspInit
 .text.HAL_FDCAN_RxFifo0Callback
                0x0800117c      0x3c0 ./Core/Src/fdcan.o
                0x0800117c                HAL_FDCAN_RxFifo0Callback
 .text.store_data
                0x0800153c      0x218 ./Core/Src/fdcan.o
                0x0800153c                store_data
 .text.tiu_heartbeat_string
                0x08001754       0xf0 ./Core/Src/fdcan.o
                0x08001754                tiu_heartbeat_string
 .text.tiu_totp_string
                0x08001844      0x104 ./Core/Src/fdcan.o
                0x08001844                tiu_totp_string
 .text.summary_packet
                0x08001948       0x90 ./Core/Src/fdcan.o
                0x08001948                summary_packet
 .text.alert_packet
                0x080019d8       0x90 ./Core/Src/fdcan.o
                0x080019d8                alert_packet
 .text.get_devid
                0x08001a68       0x2c ./Core/Src/fdcan.o
                0x08001a68                get_devid
 .text.MX_GPIO_Init
                0x08001a94      0x170 ./Core/Src/gpio.o
                0x08001a94                MX_GPIO_Init
 .text.main     0x08001c04       0xbc ./Core/Src/main.o
                0x08001c04                main
 .text.SystemClock_Config
                0x08001cc0       0xc4 ./Core/Src/main.o
                0x08001cc0                SystemClock_Config
 .text.Error_Handler
                0x08001d84        0xc ./Core/Src/main.o
                0x08001d84                Error_Handler
 .text.MX_SPI2_Init
                0x08001d90       0xac ./Core/Src/spi.o
                0x08001d90                MX_SPI2_Init
 .text.HAL_SPI_MspInit
                0x08001e3c      0x10c ./Core/Src/spi.o
                0x08001e3c                HAL_SPI_MspInit
 .text.HAL_MspInit
                0x08001f48        0xe ./Core/Src/stm32h5xx_hal_msp.o
                0x08001f48                HAL_MspInit
 .text.NMI_Handler
                0x08001f56        0x8 ./Core/Src/stm32h5xx_it.o
                0x08001f56                NMI_Handler
 .text.HardFault_Handler
                0x08001f5e        0x8 ./Core/Src/stm32h5xx_it.o
                0x08001f5e                HardFault_Handler
 .text.MemManage_Handler
                0x08001f66        0x8 ./Core/Src/stm32h5xx_it.o
                0x08001f66                MemManage_Handler
 .text.BusFault_Handler
                0x08001f6e        0x8 ./Core/Src/stm32h5xx_it.o
                0x08001f6e                BusFault_Handler
 .text.UsageFault_Handler
                0x08001f76        0x8 ./Core/Src/stm32h5xx_it.o
                0x08001f76                UsageFault_Handler
 .text.SVC_Handler
                0x08001f7e        0xe ./Core/Src/stm32h5xx_it.o
                0x08001f7e                SVC_Handler
 .text.DebugMon_Handler
                0x08001f8c        0xe ./Core/Src/stm32h5xx_it.o
                0x08001f8c                DebugMon_Handler
 .text.PendSV_Handler
                0x08001f9a        0xe ./Core/Src/stm32h5xx_it.o
                0x08001f9a                PendSV_Handler
 .text.SysTick_Handler
                0x08001fa8        0xc ./Core/Src/stm32h5xx_it.o
                0x08001fa8                SysTick_Handler
 .text.WWDG_IRQHandler
                0x08001fb4       0x14 ./Core/Src/stm32h5xx_it.o
                0x08001fb4                WWDG_IRQHandler
 .text.FDCAN1_IT0_IRQHandler
                0x08001fc8       0x14 ./Core/Src/stm32h5xx_it.o
                0x08001fc8                FDCAN1_IT0_IRQHandler
 .text.TIM6_IRQHandler
                0x08001fdc       0x14 ./Core/Src/stm32h5xx_it.o
                0x08001fdc                TIM6_IRQHandler
 .text.TIM7_IRQHandler
                0x08001ff0       0x14 ./Core/Src/stm32h5xx_it.o
                0x08001ff0                TIM7_IRQHandler
 .text.SPI2_IRQHandler
                0x08002004       0x14 ./Core/Src/stm32h5xx_it.o
                0x08002004                SPI2_IRQHandler
 .text.USART1_IRQHandler
                0x08002018       0x14 ./Core/Src/stm32h5xx_it.o
                0x08002018                USART1_IRQHandler
 .text.USART2_IRQHandler
                0x0800202c       0x14 ./Core/Src/stm32h5xx_it.o
                0x0800202c                USART2_IRQHandler
 .text.USART3_IRQHandler
                0x08002040       0x14 ./Core/Src/stm32h5xx_it.o
                0x08002040                USART3_IRQHandler
 .text._sbrk    0x08002054       0x6c ./Core/Src/sysmem.o
                0x08002054                _sbrk
 .text.SystemInit
                0x080020c0       0xe4 ./Core/Src/system_stm32h5xx.o
                0x080020c0                SystemInit
 .text.MX_TIM6_Init
                0x080021a4       0x70 ./Core/Src/tim.o
                0x080021a4                MX_TIM6_Init
 .text.MX_TIM7_Init
                0x08002214       0x70 ./Core/Src/tim.o
                0x08002214                MX_TIM7_Init
 .text.HAL_TIM_Base_MspInit
                0x08002284       0x90 ./Core/Src/tim.o
                0x08002284                HAL_TIM_Base_MspInit
 .text.HAL_TIM_PeriodElapsedCallback
                0x08002314       0x84 ./Core/Src/tim.o
                0x08002314                HAL_TIM_PeriodElapsedCallback
 .text.MX_USART1_UART_Init
                0x08002398       0x98 ./Core/Src/usart.o
                0x08002398                MX_USART1_UART_Init
 .text.MX_USART3_UART_Init
                0x08002430       0x98 ./Core/Src/usart.o
                0x08002430                MX_USART3_UART_Init
 .text.HAL_UART_MspInit
                0x080024c8      0x260 ./Core/Src/usart.o
                0x080024c8                HAL_UART_MspInit
 .text.get_field
                0x08002728       0x9e ./Core/Src/utilities.o
                0x08002728                get_field
 *fill*         0x080027c6        0x2 
 .text.MX_WWDG_Init
                0x080027c8       0x40 ./Core/Src/wwdg.o
                0x080027c8                MX_WWDG_Init
 .text.HAL_WWDG_MspInit
                0x08002808       0x50 ./Core/Src/wwdg.o
                0x08002808                HAL_WWDG_MspInit
 .text.Reset_Handler
                0x08002858       0x50 ./Core/Startup/startup_stm32h503cbtx.o
                0x08002858                Reset_Handler
 .text.Default_Handler
                0x080028a8        0x2 ./Core/Startup/startup_stm32h503cbtx.o
                0x080028a8                EXTI2_IRQHandler
                0x080028a8                EXTI5_IRQHandler
                0x080028a8                I3C1_ER_IRQHandler
                0x080028a8                GPDMA2_Channel1_IRQHandler
                0x080028a8                EXTI13_IRQHandler
                0x080028a8                TIM1_CC_IRQHandler
                0x080028a8                GPDMA2_Channel3_IRQHandler
                0x080028a8                TAMP_IRQHandler
                0x080028a8                EXTI12_IRQHandler
                0x080028a8                USB_DRD_FS_IRQHandler
                0x080028a8                EXTI3_IRQHandler
                0x080028a8                GPDMA1_Channel5_IRQHandler
                0x080028a8                EXTI8_IRQHandler
                0x080028a8                GPDMA2_Channel5_IRQHandler
                0x080028a8                LPTIM2_IRQHandler
                0x080028a8                GPDMA2_Channel2_IRQHandler
                0x080028a8                EXTI0_IRQHandler
                0x080028a8                I2C2_EV_IRQHandler
                0x080028a8                FPU_IRQHandler
                0x080028a8                GPDMA1_Channel3_IRQHandler
                0x080028a8                GPDMA1_Channel7_IRQHandler
                0x080028a8                FDCAN1_IT1_IRQHandler
                0x080028a8                RAMCFG_IRQHandler
                0x080028a8                SPI1_IRQHandler
                0x080028a8                GPDMA1_Channel2_IRQHandler
                0x080028a8                ADC1_IRQHandler
                0x080028a8                I3C2_ER_IRQHandler
                0x080028a8                EXTI15_IRQHandler
                0x080028a8                RTC_IRQHandler
                0x080028a8                EXTI9_IRQHandler
                0x080028a8                I3C2_EV_IRQHandler
                0x080028a8                I2C1_EV_IRQHandler
                0x080028a8                GPDMA1_Channel1_IRQHandler
                0x080028a8                TIM3_IRQHandler
                0x080028a8                RCC_IRQHandler
                0x080028a8                TIM1_TRG_COM_IRQHandler
                0x080028a8                Default_Handler
                0x080028a8                GPDMA2_Channel4_IRQHandler
                0x080028a8                GPDMA1_Channel0_IRQHandler
                0x080028a8                I3C1_EV_IRQHandler
                0x080028a8                PVD_AVD_IRQHandler
                0x080028a8                EXTI14_IRQHandler
                0x080028a8                EXTI11_IRQHandler
                0x080028a8                CRS_IRQHandler
                0x080028a8                EXTI4_IRQHandler
                0x080028a8                GPDMA2_Channel0_IRQHandler
                0x080028a8                RNG_IRQHandler
                0x080028a8                GPDMA2_Channel6_IRQHandler
                0x080028a8                TIM1_UP_IRQHandler
                0x080028a8                IWDG_IRQHandler
                0x080028a8                LPUART1_IRQHandler
                0x080028a8                TIM2_IRQHandler
                0x080028a8                GPDMA1_Channel4_IRQHandler
                0x080028a8                EXTI7_IRQHandler
                0x080028a8                TIM1_BRK_IRQHandler
                0x080028a8                EXTI1_IRQHandler
                0x080028a8                DAC1_IRQHandler
                0x080028a8                DTS_IRQHandler
                0x080028a8                GTZC_IRQHandler
                0x080028a8                GPDMA1_Channel6_IRQHandler
                0x080028a8                GPDMA2_Channel7_IRQHandler
                0x080028a8                I2C2_ER_IRQHandler
                0x080028a8                FLASH_IRQHandler
                0x080028a8                EXTI10_IRQHandler
                0x080028a8                SPI3_IRQHandler
                0x080028a8                I2C1_ER_IRQHandler
                0x080028a8                EXTI6_IRQHandler
                0x080028a8                COMP1_IRQHandler
                0x080028a8                LPTIM1_IRQHandler
                0x080028a8                ICACHE_IRQHandler
                0x080028a8                HASH_IRQHandler
 *fill*         0x080028aa        0x2 
 .text.HAL_Init
                0x080028ac       0x50 ./Drivers/STM32H5xx_HAL_Driver/Src/stm32h5xx_hal.o
                0x080028ac                HAL_Init
 .text.HAL_InitTick
                0x080028fc       0xec ./Drivers/STM32H5xx_HAL_Driver/Src/stm32h5xx_hal.o
                0x080028fc                HAL_InitTick
 .text.HAL_IncTick
                0x080029e8       0x28 ./Drivers/STM32H5xx_HAL_Driver/Src/stm32h5xx_hal.o
                0x080029e8                HAL_IncTick
 .text.HAL_GetTick
                0x08002a10       0x18 ./Drivers/STM32H5xx_HAL_Driver/Src/stm32h5xx_hal.o
                0x08002a10                HAL_GetTick
 .text.__NVIC_SetPriorityGrouping
                0x08002a28       0x48 ./Drivers/STM32H5xx_HAL_Driver/Src/stm32h5xx_hal_cortex.o
 .text.__NVIC_GetPriorityGrouping
                0x08002a70       0x1c ./Drivers/STM32H5xx_HAL_Driver/Src/stm32h5xx_hal_cortex.o
 .text.__NVIC_EnableIRQ
                0x08002a8c       0x3c ./Drivers/STM32H5xx_HAL_Driver/Src/stm32h5xx_hal_cortex.o
 .text.__NVIC_SetPriority
                0x08002ac8       0x54 ./Drivers/STM32H5xx_HAL_Driver/Src/stm32h5xx_hal_cortex.o
 .text.NVIC_EncodePriority
                0x08002b1c       0x66 ./Drivers/STM32H5xx_HAL_Driver/Src/stm32h5xx_hal_cortex.o
 .text.HAL_NVIC_SetPriorityGrouping
                0x08002b82       0x16 ./Drivers/STM32H5xx_HAL_Driver/Src/stm32h5xx_hal_cortex.o
                0x08002b82                HAL_NVIC_SetPriorityGrouping
 .text.HAL_NVIC_SetPriority
                0x08002b98       0x34 ./Drivers/STM32H5xx_HAL_Driver/Src/stm32h5xx_hal_cortex.o
                0x08002b98                HAL_NVIC_SetPriority
 .text.HAL_NVIC_EnableIRQ
                0x08002bcc       0x1c ./Drivers/STM32H5xx_HAL_Driver/Src/stm32h5xx_hal_cortex.o
                0x08002bcc                HAL_NVIC_EnableIRQ
 .text.HAL_SYSTICK_Config
                0x08002be8       0x44 ./Drivers/STM32H5xx_HAL_Driver/Src/stm32h5xx_hal_cortex.o
                0x08002be8                HAL_SYSTICK_Config
 .text.HAL_SYSTICK_CLKSourceConfig
                0x08002c2c       0xb0 ./Drivers/STM32H5xx_HAL_Driver/Src/stm32h5xx_hal_cortex.o
                0x08002c2c                HAL_SYSTICK_CLKSourceConfig
 .text.HAL_SYSTICK_GetCLKSourceConfig
                0x08002cdc       0x6c ./Drivers/STM32H5xx_HAL_Driver/Src/stm32h5xx_hal_cortex.o
                0x08002cdc                HAL_SYSTICK_GetCLKSourceConfig
 .text.HAL_DMA_Abort
                0x08002d48       0xf8 ./Drivers/STM32H5xx_HAL_Driver/Src/stm32h5xx_hal_dma.o
                0x08002d48                HAL_DMA_Abort
 .text.HAL_DMA_Abort_IT
                0x08002e40       0x52 ./Drivers/STM32H5xx_HAL_Driver/Src/stm32h5xx_hal_dma.o
                0x08002e40                HAL_DMA_Abort_IT
 *fill*         0x08002e92        0x2 
 .text.HAL_FDCAN_Init
                0x08002e94      0x2b4 ./Drivers/STM32H5xx_HAL_Driver/Src/stm32h5xx_hal_fdcan.o
                0x08002e94                HAL_FDCAN_Init
 .text.HAL_FDCAN_Start
                0x08003148       0x50 ./Drivers/STM32H5xx_HAL_Driver/Src/stm32h5xx_hal_fdcan.o
                0x08003148                HAL_FDCAN_Start
 .text.HAL_FDCAN_AddMessageToTxFifoQ
                0x08003198       0x88 ./Drivers/STM32H5xx_HAL_Driver/Src/stm32h5xx_hal_fdcan.o
                0x08003198                HAL_FDCAN_AddMessageToTxFifoQ
 .text.HAL_FDCAN_GetRxMessage
                0x08003220      0x210 ./Drivers/STM32H5xx_HAL_Driver/Src/stm32h5xx_hal_fdcan.o
                0x08003220                HAL_FDCAN_GetRxMessage
 .text.HAL_FDCAN_ActivateNotification
                0x08003430      0x1cc ./Drivers/STM32H5xx_HAL_Driver/Src/stm32h5xx_hal_fdcan.o
                0x08003430                HAL_FDCAN_ActivateNotification
 .text.HAL_FDCAN_IRQHandler
                0x080035fc      0x24a ./Drivers/STM32H5xx_HAL_Driver/Src/stm32h5xx_hal_fdcan.o
                0x080035fc                HAL_FDCAN_IRQHandler
 .text.HAL_FDCAN_TxEventFifoCallback
                0x08003846       0x16 ./Drivers/STM32H5xx_HAL_Driver/Src/stm32h5xx_hal_fdcan.o
                0x08003846                HAL_FDCAN_TxEventFifoCallback
 .text.HAL_FDCAN_RxFifo1Callback
                0x0800385c       0x16 ./Drivers/STM32H5xx_HAL_Driver/Src/stm32h5xx_hal_fdcan.o
                0x0800385c                HAL_FDCAN_RxFifo1Callback
 .text.HAL_FDCAN_TxFifoEmptyCallback
                0x08003872       0x14 ./Drivers/STM32H5xx_HAL_Driver/Src/stm32h5xx_hal_fdcan.o
                0x08003872                HAL_FDCAN_TxFifoEmptyCallback
 .text.HAL_FDCAN_TxBufferCompleteCallback
                0x08003886       0x16 ./Drivers/STM32H5xx_HAL_Driver/Src/stm32h5xx_hal_fdcan.o
                0x08003886                HAL_FDCAN_TxBufferCompleteCallback
 .text.HAL_FDCAN_TxBufferAbortCallback
                0x0800389c       0x16 ./Drivers/STM32H5xx_HAL_Driver/Src/stm32h5xx_hal_fdcan.o
                0x0800389c                HAL_FDCAN_TxBufferAbortCallback
 .text.HAL_FDCAN_TimestampWraparoundCallback
                0x080038b2       0x14 ./Drivers/STM32H5xx_HAL_Driver/Src/stm32h5xx_hal_fdcan.o
                0x080038b2                HAL_FDCAN_TimestampWraparoundCallback
 .text.HAL_FDCAN_TimeoutOccurredCallback
                0x080038c6       0x14 ./Drivers/STM32H5xx_HAL_Driver/Src/stm32h5xx_hal_fdcan.o
                0x080038c6                HAL_FDCAN_TimeoutOccurredCallback
 .text.HAL_FDCAN_HighPriorityMessageCallback
                0x080038da       0x14 ./Drivers/STM32H5xx_HAL_Driver/Src/stm32h5xx_hal_fdcan.o
                0x080038da                HAL_FDCAN_HighPriorityMessageCallback
 .text.HAL_FDCAN_ErrorCallback
                0x080038ee       0x14 ./Drivers/STM32H5xx_HAL_Driver/Src/stm32h5xx_hal_fdcan.o
                0x080038ee                HAL_FDCAN_ErrorCallback
 .text.HAL_FDCAN_ErrorStatusCallback
                0x08003902       0x16 ./Drivers/STM32H5xx_HAL_Driver/Src/stm32h5xx_hal_fdcan.o
                0x08003902                HAL_FDCAN_ErrorStatusCallback
 .text.FDCAN_CalcultateRamBlockAddresses
                0x08003918       0xac ./Drivers/STM32H5xx_HAL_Driver/Src/stm32h5xx_hal_fdcan.o
 .text.FDCAN_CopyMessageToRAM
                0x080039c4       0xf8 ./Drivers/STM32H5xx_HAL_Driver/Src/stm32h5xx_hal_fdcan.o
 .text.HAL_GPIO_Init
                0x08003abc      0x2a4 ./Drivers/STM32H5xx_HAL_Driver/Src/stm32h5xx_hal_gpio.o
                0x08003abc                HAL_GPIO_Init
 .text.HAL_GPIO_WritePin
                0x08003d60       0x30 ./Drivers/STM32H5xx_HAL_Driver/Src/stm32h5xx_hal_gpio.o
                0x08003d60                HAL_GPIO_WritePin
 .text.HAL_RCC_OscConfig
                0x08003d90      0x870 ./Drivers/STM32H5xx_HAL_Driver/Src/stm32h5xx_hal_rcc.o
                0x08003d90                HAL_RCC_OscConfig
 .text.HAL_RCC_ClockConfig
                0x08004600      0x370 ./Drivers/STM32H5xx_HAL_Driver/Src/stm32h5xx_hal_rcc.o
                0x08004600                HAL_RCC_ClockConfig
 .text.HAL_RCC_GetSysClockFreq
                0x08004970      0x258 ./Drivers/STM32H5xx_HAL_Driver/Src/stm32h5xx_hal_rcc.o
                0x08004970                HAL_RCC_GetSysClockFreq
 .text.HAL_RCC_GetHCLKFreq
                0x08004bc8       0x38 ./Drivers/STM32H5xx_HAL_Driver/Src/stm32h5xx_hal_rcc.o
                0x08004bc8                HAL_RCC_GetHCLKFreq
 .text.HAL_RCC_GetPCLK1Freq
                0x08004c00       0x2c ./Drivers/STM32H5xx_HAL_Driver/Src/stm32h5xx_hal_rcc.o
                0x08004c00                HAL_RCC_GetPCLK1Freq
 .text.HAL_RCC_GetPCLK2Freq
                0x08004c2c       0x2c ./Drivers/STM32H5xx_HAL_Driver/Src/stm32h5xx_hal_rcc.o
                0x08004c2c                HAL_RCC_GetPCLK2Freq
 .text.HAL_RCC_GetPCLK3Freq
                0x08004c58       0x2c ./Drivers/STM32H5xx_HAL_Driver/Src/stm32h5xx_hal_rcc.o
                0x08004c58                HAL_RCC_GetPCLK3Freq
 .text.HAL_RCCEx_PeriphCLKConfig
                0x08004c84      0xc48 ./Drivers/STM32H5xx_HAL_Driver/Src/stm32h5xx_hal_rcc_ex.o
                0x08004c84                HAL_RCCEx_PeriphCLKConfig
 .text.HAL_RCCEx_GetPLL1ClockFreq
                0x080058cc      0x2d8 ./Drivers/STM32H5xx_HAL_Driver/Src/stm32h5xx_hal_rcc_ex.o
                0x080058cc                HAL_RCCEx_GetPLL1ClockFreq
 .text.HAL_RCCEx_GetPLL2ClockFreq
                0x08005ba4      0x2d8 ./Drivers/STM32H5xx_HAL_Driver/Src/stm32h5xx_hal_rcc_ex.o
                0x08005ba4                HAL_RCCEx_GetPLL2ClockFreq
 .text.HAL_RCCEx_GetPeriphCLKFreq
                0x08005e7c      0xe7c ./Drivers/STM32H5xx_HAL_Driver/Src/stm32h5xx_hal_rcc_ex.o
                0x08005e7c                HAL_RCCEx_GetPeriphCLKFreq
 .text.RCCEx_PLL2_Config
                0x08006cf8      0x130 ./Drivers/STM32H5xx_HAL_Driver/Src/stm32h5xx_hal_rcc_ex.o
 .text.HAL_SPI_Init
                0x08006e28      0x200 ./Drivers/STM32H5xx_HAL_Driver/Src/stm32h5xx_hal_spi.o
                0x08006e28                HAL_SPI_Init
 .text.HAL_SPI_IRQHandler
                0x08007028      0x3a8 ./Drivers/STM32H5xx_HAL_Driver/Src/stm32h5xx_hal_spi.o
                0x08007028                HAL_SPI_IRQHandler
 .text.HAL_SPI_TxCpltCallback
                0x080073d0       0x14 ./Drivers/STM32H5xx_HAL_Driver/Src/stm32h5xx_hal_spi.o
                0x080073d0                HAL_SPI_TxCpltCallback
 .text.HAL_SPI_RxCpltCallback
                0x080073e4       0x14 ./Drivers/STM32H5xx_HAL_Driver/Src/stm32h5xx_hal_spi.o
                0x080073e4                HAL_SPI_RxCpltCallback
 .text.HAL_SPI_TxRxCpltCallback
                0x080073f8       0x14 ./Drivers/STM32H5xx_HAL_Driver/Src/stm32h5xx_hal_spi.o
                0x080073f8                HAL_SPI_TxRxCpltCallback
 .text.HAL_SPI_ErrorCallback
                0x0800740c       0x14 ./Drivers/STM32H5xx_HAL_Driver/Src/stm32h5xx_hal_spi.o
                0x0800740c                HAL_SPI_ErrorCallback
 .text.HAL_SPI_SuspendCallback
                0x08007420       0x14 ./Drivers/STM32H5xx_HAL_Driver/Src/stm32h5xx_hal_spi.o
                0x08007420                HAL_SPI_SuspendCallback
 .text.SPI_DMAAbortOnError
                0x08007434       0x34 ./Drivers/STM32H5xx_HAL_Driver/Src/stm32h5xx_hal_spi.o
 .text.SPI_CloseTransfer
                0x08007468      0x140 ./Drivers/STM32H5xx_HAL_Driver/Src/stm32h5xx_hal_spi.o
 .text.SPI_GetPacketSize
                0x080075a8       0x36 ./Drivers/STM32H5xx_HAL_Driver/Src/stm32h5xx_hal_spi.o
 .text.HAL_TIM_Base_Init
                0x080075de       0xae ./Drivers/STM32H5xx_HAL_Driver/Src/stm32h5xx_hal_tim.o
                0x080075de                HAL_TIM_Base_Init
 .text.HAL_TIM_Base_Start_IT
                0x0800768c       0xa8 ./Drivers/STM32H5xx_HAL_Driver/Src/stm32h5xx_hal_tim.o
                0x0800768c                HAL_TIM_Base_Start_IT
 .text.HAL_TIM_IRQHandler
                0x08007734      0x29e ./Drivers/STM32H5xx_HAL_Driver/Src/stm32h5xx_hal_tim.o
                0x08007734                HAL_TIM_IRQHandler
 .text.HAL_TIM_OC_DelayElapsedCallback
                0x080079d2       0x14 ./Drivers/STM32H5xx_HAL_Driver/Src/stm32h5xx_hal_tim.o
                0x080079d2                HAL_TIM_OC_DelayElapsedCallback
 .text.HAL_TIM_IC_CaptureCallback
                0x080079e6       0x14 ./Drivers/STM32H5xx_HAL_Driver/Src/stm32h5xx_hal_tim.o
                0x080079e6                HAL_TIM_IC_CaptureCallback
 .text.HAL_TIM_PWM_PulseFinishedCallback
                0x080079fa       0x14 ./Drivers/STM32H5xx_HAL_Driver/Src/stm32h5xx_hal_tim.o
                0x080079fa                HAL_TIM_PWM_PulseFinishedCallback
 .text.HAL_TIM_TriggerCallback
                0x08007a0e       0x14 ./Drivers/STM32H5xx_HAL_Driver/Src/stm32h5xx_hal_tim.o
                0x08007a0e                HAL_TIM_TriggerCallback
 *fill*         0x08007a22        0x2 
 .text.TIM_Base_SetConfig
                0x08007a24       0xcc ./Drivers/STM32H5xx_HAL_Driver/Src/stm32h5xx_hal_tim.o
                0x08007a24                TIM_Base_SetConfig
 .text.HAL_TIMEx_MasterConfigSynchronization
                0x08007af0       0xd0 ./Drivers/STM32H5xx_HAL_Driver/Src/stm32h5xx_hal_tim_ex.o
                0x08007af0                HAL_TIMEx_MasterConfigSynchronization
 .text.HAL_TIMEx_CommutCallback
                0x08007bc0       0x14 ./Drivers/STM32H5xx_HAL_Driver/Src/stm32h5xx_hal_tim_ex.o
                0x08007bc0                HAL_TIMEx_CommutCallback
 .text.HAL_TIMEx_BreakCallback
                0x08007bd4       0x14 ./Drivers/STM32H5xx_HAL_Driver/Src/stm32h5xx_hal_tim_ex.o
                0x08007bd4                HAL_TIMEx_BreakCallback
 .text.HAL_TIMEx_Break2Callback
                0x08007be8       0x14 ./Drivers/STM32H5xx_HAL_Driver/Src/stm32h5xx_hal_tim_ex.o
                0x08007be8                HAL_TIMEx_Break2Callback
 .text.HAL_TIMEx_EncoderIndexCallback
                0x08007bfc       0x14 ./Drivers/STM32H5xx_HAL_Driver/Src/stm32h5xx_hal_tim_ex.o
                0x08007bfc                HAL_TIMEx_EncoderIndexCallback
 .text.HAL_TIMEx_DirectionChangeCallback
                0x08007c10       0x14 ./Drivers/STM32H5xx_HAL_Driver/Src/stm32h5xx_hal_tim_ex.o
                0x08007c10                HAL_TIMEx_DirectionChangeCallback
 .text.HAL_TIMEx_IndexErrorCallback
                0x08007c24       0x14 ./Drivers/STM32H5xx_HAL_Driver/Src/stm32h5xx_hal_tim_ex.o
                0x08007c24                HAL_TIMEx_IndexErrorCallback
 .text.HAL_TIMEx_TransitionErrorCallback
                0x08007c38       0x14 ./Drivers/STM32H5xx_HAL_Driver/Src/stm32h5xx_hal_tim_ex.o
                0x08007c38                HAL_TIMEx_TransitionErrorCallback
 .text.HAL_UART_Init
                0x08007c4c      0x1b2 ./Drivers/STM32H5xx_HAL_Driver/Src/stm32h5xx_hal_uart.o
                0x08007c4c                HAL_UART_Init
 .text.HAL_UART_Transmit
                0x08007dfe      0x13c ./Drivers/STM32H5xx_HAL_Driver/Src/stm32h5xx_hal_uart.o
                0x08007dfe                HAL_UART_Transmit
 *fill*         0x08007f3a        0x2 
 .text.HAL_UART_Transmit_IT
                0x08007f3c      0x148 ./Drivers/STM32H5xx_HAL_Driver/Src/stm32h5xx_hal_uart.o
                0x08007f3c                HAL_UART_Transmit_IT
 .text.HAL_UART_IRQHandler
                0x08008084      0x5dc ./Drivers/STM32H5xx_HAL_Driver/Src/stm32h5xx_hal_uart.o
                0x08008084                HAL_UART_IRQHandler
 .text.HAL_UART_TxCpltCallback
                0x08008660       0x14 ./Drivers/STM32H5xx_HAL_Driver/Src/stm32h5xx_hal_uart.o
                0x08008660                HAL_UART_TxCpltCallback
 .text.HAL_UART_ErrorCallback
                0x08008674       0x14 ./Drivers/STM32H5xx_HAL_Driver/Src/stm32h5xx_hal_uart.o
                0x08008674                HAL_UART_ErrorCallback
 .text.HAL_UARTEx_RxEventCallback
                0x08008688       0x18 ./Drivers/STM32H5xx_HAL_Driver/Src/stm32h5xx_hal_uart.o
                0x08008688                HAL_UARTEx_RxEventCallback
 .text.UART_SetConfig
                0x080086a0      0x2fc ./Drivers/STM32H5xx_HAL_Driver/Src/stm32h5xx_hal_uart.o
                0x080086a0                UART_SetConfig
 .text.UART_AdvFeatureConfig
                0x0800899c      0x144 ./Drivers/STM32H5xx_HAL_Driver/Src/stm32h5xx_hal_uart.o
                0x0800899c                UART_AdvFeatureConfig
 .text.UART_CheckIdleState
                0x08008ae0      0x154 ./Drivers/STM32H5xx_HAL_Driver/Src/stm32h5xx_hal_uart.o
                0x08008ae0                UART_CheckIdleState
 .text.UART_WaitOnFlagUntilTimeout
                0x08008c34       0xda ./Drivers/STM32H5xx_HAL_Driver/Src/stm32h5xx_hal_uart.o
                0x08008c34                UART_WaitOnFlagUntilTimeout
 .text.UART_EndRxTransfer
                0x08008d0e       0xcc ./Drivers/STM32H5xx_HAL_Driver/Src/stm32h5xx_hal_uart.o
 .text.UART_DMAAbortOnError
                0x08008dda       0x24 ./Drivers/STM32H5xx_HAL_Driver/Src/stm32h5xx_hal_uart.o
 .text.UART_TxISR_8BIT
                0x08008dfe       0xb8 ./Drivers/STM32H5xx_HAL_Driver/Src/stm32h5xx_hal_uart.o
 .text.UART_TxISR_16BIT
                0x08008eb6       0xc2 ./Drivers/STM32H5xx_HAL_Driver/Src/stm32h5xx_hal_uart.o
 .text.UART_TxISR_8BIT_FIFOEN
                0x08008f78       0xe0 ./Drivers/STM32H5xx_HAL_Driver/Src/stm32h5xx_hal_uart.o
 .text.UART_TxISR_16BIT_FIFOEN
                0x08009058       0xea ./Drivers/STM32H5xx_HAL_Driver/Src/stm32h5xx_hal_uart.o
 .text.UART_EndTransmit_IT
                0x08009142       0x56 ./Drivers/STM32H5xx_HAL_Driver/Src/stm32h5xx_hal_uart.o
 .text.HAL_UARTEx_WakeupCallback
                0x08009198       0x14 ./Drivers/STM32H5xx_HAL_Driver/Src/stm32h5xx_hal_uart_ex.o
                0x08009198                HAL_UARTEx_WakeupCallback
 .text.HAL_UARTEx_RxFifoFullCallback
                0x080091ac       0x14 ./Drivers/STM32H5xx_HAL_Driver/Src/stm32h5xx_hal_uart_ex.o
                0x080091ac                HAL_UARTEx_RxFifoFullCallback
 .text.HAL_UARTEx_TxFifoEmptyCallback
                0x080091c0       0x14 ./Drivers/STM32H5xx_HAL_Driver/Src/stm32h5xx_hal_uart_ex.o
                0x080091c0                HAL_UARTEx_TxFifoEmptyCallback
 .text.HAL_UARTEx_DisableFifoMode
                0x080091d4       0x72 ./Drivers/STM32H5xx_HAL_Driver/Src/stm32h5xx_hal_uart_ex.o
                0x080091d4                HAL_UARTEx_DisableFifoMode
 .text.HAL_UARTEx_SetTxFifoThreshold
                0x08009246       0x7c ./Drivers/STM32H5xx_HAL_Driver/Src/stm32h5xx_hal_uart_ex.o
                0x08009246                HAL_UARTEx_SetTxFifoThreshold
 .text.HAL_UARTEx_SetRxFifoThreshold
                0x080092c2       0x7c ./Drivers/STM32H5xx_HAL_Driver/Src/stm32h5xx_hal_uart_ex.o
                0x080092c2                HAL_UARTEx_SetRxFifoThreshold
 *fill*         0x0800933e        0x2 
 .text.UARTEx_SetNbDataToProcess
                0x08009340       0x9c ./Drivers/STM32H5xx_HAL_Driver/Src/stm32h5xx_hal_uart_ex.o
 .text.HAL_WWDG_Init
                0x080093dc       0x48 ./Drivers/STM32H5xx_HAL_Driver/Src/stm32h5xx_hal_wwdg.o
                0x080093dc                HAL_WWDG_Init
 .text.HAL_WWDG_IRQHandler
                0x08009424       0x3e ./Drivers/STM32H5xx_HAL_Driver/Src/stm32h5xx_hal_wwdg.o
                0x08009424                HAL_WWDG_IRQHandler
 .text.HAL_WWDG_EarlyWakeupCallback
                0x08009462       0x14 ./Drivers/STM32H5xx_HAL_Driver/Src/stm32h5xx_hal_wwdg.o
                0x08009462                HAL_WWDG_EarlyWakeupCallback
 .text.atoi     0x08009476        0x8 C:/ST/STM32CubeIDE_1.15.1/STM32CubeIDE/plugins/com.st.stm32cube.ide.mcu.externaltools.gnu-tools-for-stm32.12.3.rel1.win32_1.1.0.202410251130/tools/bin/../lib/gcc/arm-none-eabi/12.3.1/../../../../arm-none-eabi/lib/thumb/v8-m.main+fp/hard\libc_nano.a(libc_a-atoi.o)
                0x08009476                atoi
 *fill*         0x0800947e        0x2 
 .text._strtol_l.constprop.0
                0x08009480       0xf4 C:/ST/STM32CubeIDE_1.15.1/STM32CubeIDE/plugins/com.st.stm32cube.ide.mcu.externaltools.gnu-tools-for-stm32.12.3.rel1.win32_1.1.0.202410251130/tools/bin/../lib/gcc/arm-none-eabi/12.3.1/../../../../arm-none-eabi/lib/thumb/v8-m.main+fp/hard\libc_nano.a(libc_a-strtol.o)
 .text.strtol   0x08009574       0x14 C:/ST/STM32CubeIDE_1.15.1/STM32CubeIDE/plugins/com.st.stm32cube.ide.mcu.externaltools.gnu-tools-for-stm32.12.3.rel1.win32_1.1.0.202410251130/tools/bin/../lib/gcc/arm-none-eabi/12.3.1/../../../../arm-none-eabi/lib/thumb/v8-m.main+fp/hard\libc_nano.a(libc_a-strtol.o)
                0x08009574                strtol
 .text.sprintf  0x08009588       0x40 C:/ST/STM32CubeIDE_1.15.1/STM32CubeIDE/plugins/com.st.stm32cube.ide.mcu.externaltools.gnu-tools-for-stm32.12.3.rel1.win32_1.1.0.202410251130/tools/bin/../lib/gcc/arm-none-eabi/12.3.1/../../../../arm-none-eabi/lib/thumb/v8-m.main+fp/hard\libc_nano.a(libc_a-sprintf.o)
                0x08009588                siprintf
                0x08009588                sprintf
 .text.memset   0x080095c8       0x10 C:/ST/STM32CubeIDE_1.15.1/STM32CubeIDE/plugins/com.st.stm32cube.ide.mcu.externaltools.gnu-tools-for-stm32.12.3.rel1.win32_1.1.0.202410251130/tools/bin/../lib/gcc/arm-none-eabi/12.3.1/../../../../arm-none-eabi/lib/thumb/v8-m.main+fp/hard\libc_nano.a(libc_a-memset.o)
                0x080095c8                memset
 .text.strncmp  0x080095d8       0x24 C:/ST/STM32CubeIDE_1.15.1/STM32CubeIDE/plugins/com.st.stm32cube.ide.mcu.externaltools.gnu-tools-for-stm32.12.3.rel1.win32_1.1.0.202410251130/tools/bin/../lib/gcc/arm-none-eabi/12.3.1/../../../../arm-none-eabi/lib/thumb/v8-m.main+fp/hard\libc_nano.a(libc_a-strncmp.o)
                0x080095d8                strncmp
 .text.strncpy  0x080095fc       0x26 C:/ST/STM32CubeIDE_1.15.1/STM32CubeIDE/plugins/com.st.stm32cube.ide.mcu.externaltools.gnu-tools-for-stm32.12.3.rel1.win32_1.1.0.202410251130/tools/bin/../lib/gcc/arm-none-eabi/12.3.1/../../../../arm-none-eabi/lib/thumb/v8-m.main+fp/hard\libc_nano.a(libc_a-strncpy.o)
                0x080095fc                strncpy
 *fill*         0x08009622        0x2 
 .text.__errno  0x08009624        0xc C:/ST/STM32CubeIDE_1.15.1/STM32CubeIDE/plugins/com.st.stm32cube.ide.mcu.externaltools.gnu-tools-for-stm32.12.3.rel1.win32_1.1.0.202410251130/tools/bin/../lib/gcc/arm-none-eabi/12.3.1/../../../../arm-none-eabi/lib/thumb/v8-m.main+fp/hard\libc_nano.a(libc_a-errno.o)
                0x08009624                __errno
 .text.__libc_init_array
                0x08009630       0x48 C:/ST/STM32CubeIDE_1.15.1/STM32CubeIDE/plugins/com.st.stm32cube.ide.mcu.externaltools.gnu-tools-for-stm32.12.3.rel1.win32_1.1.0.202410251130/tools/bin/../lib/gcc/arm-none-eabi/12.3.1/../../../../arm-none-eabi/lib/thumb/v8-m.main+fp/hard\libc_nano.a(libc_a-init.o)
                0x08009630                __libc_init_array
 .text.__retarget_lock_acquire_recursive
                0x08009678        0x2 C:/ST/STM32CubeIDE_1.15.1/STM32CubeIDE/plugins/com.st.stm32cube.ide.mcu.externaltools.gnu-tools-for-stm32.12.3.rel1.win32_1.1.0.202410251130/tools/bin/../lib/gcc/arm-none-eabi/12.3.1/../../../../arm-none-eabi/lib/thumb/v8-m.main+fp/hard\libc_nano.a(libc_a-lock.o)
                0x08009678                __retarget_lock_acquire_recursive
 .text.__retarget_lock_release_recursive
                0x0800967a        0x2 C:/ST/STM32CubeIDE_1.15.1/STM32CubeIDE/plugins/com.st.stm32cube.ide.mcu.externaltools.gnu-tools-for-stm32.12.3.rel1.win32_1.1.0.202410251130/tools/bin/../lib/gcc/arm-none-eabi/12.3.1/../../../../arm-none-eabi/lib/thumb/v8-m.main+fp/hard\libc_nano.a(libc_a-lock.o)
                0x0800967a                __retarget_lock_release_recursive
 .text.strcpy   0x0800967c       0x10 C:/ST/STM32CubeIDE_1.15.1/STM32CubeIDE/plugins/com.st.stm32cube.ide.mcu.externaltools.gnu-tools-for-stm32.12.3.rel1.win32_1.1.0.202410251130/tools/bin/../lib/gcc/arm-none-eabi/12.3.1/../../../../arm-none-eabi/lib/thumb/v8-m.main+fp/hard\libc_nano.a(libc_a-strcpy.o)
                0x0800967c                strcpy
 .text.memcpy   0x0800968c       0x1a C:/ST/STM32CubeIDE_1.15.1/STM32CubeIDE/plugins/com.st.stm32cube.ide.mcu.externaltools.gnu-tools-for-stm32.12.3.rel1.win32_1.1.0.202410251130/tools/bin/../lib/gcc/arm-none-eabi/12.3.1/../../../../arm-none-eabi/lib/thumb/v8-m.main+fp/hard\libc_nano.a(libc_a-memcpy-stub.o)
                0x0800968c                memcpy
 *fill*         0x080096a6        0x2 
 .text._free_r  0x080096a8       0x94 C:/ST/STM32CubeIDE_1.15.1/STM32CubeIDE/plugins/com.st.stm32cube.ide.mcu.externaltools.gnu-tools-for-stm32.12.3.rel1.win32_1.1.0.202410251130/tools/bin/../lib/gcc/arm-none-eabi/12.3.1/../../../../arm-none-eabi/lib/thumb/v8-m.main+fp/hard\libc_nano.a(libc_a-freer.o)
                0x080096a8                _free_r
 .text.sbrk_aligned
                0x0800973c       0x44 C:/ST/STM32CubeIDE_1.15.1/STM32CubeIDE/plugins/com.st.stm32cube.ide.mcu.externaltools.gnu-tools-for-stm32.12.3.rel1.win32_1.1.0.202410251130/tools/bin/../lib/gcc/arm-none-eabi/12.3.1/../../../../arm-none-eabi/lib/thumb/v8-m.main+fp/hard\libc_nano.a(libc_a-mallocr.o)
 .text._malloc_r
                0x08009780      0x100 C:/ST/STM32CubeIDE_1.15.1/STM32CubeIDE/plugins/com.st.stm32cube.ide.mcu.externaltools.gnu-tools-for-stm32.12.3.rel1.win32_1.1.0.202410251130/tools/bin/../lib/gcc/arm-none-eabi/12.3.1/../../../../arm-none-eabi/lib/thumb/v8-m.main+fp/hard\libc_nano.a(libc_a-mallocr.o)
                0x08009780                _malloc_r
 .text.__malloc_lock
                0x08009880        0xc C:/ST/STM32CubeIDE_1.15.1/STM32CubeIDE/plugins/com.st.stm32cube.ide.mcu.externaltools.gnu-tools-for-stm32.12.3.rel1.win32_1.1.0.202410251130/tools/bin/../lib/gcc/arm-none-eabi/12.3.1/../../../../arm-none-eabi/lib/thumb/v8-m.main+fp/hard\libc_nano.a(libc_a-mlock.o)
                0x08009880                __malloc_lock
 .text.__malloc_unlock
                0x0800988c        0xc C:/ST/STM32CubeIDE_1.15.1/STM32CubeIDE/plugins/com.st.stm32cube.ide.mcu.externaltools.gnu-tools-for-stm32.12.3.rel1.win32_1.1.0.202410251130/tools/bin/../lib/gcc/arm-none-eabi/12.3.1/../../../../arm-none-eabi/lib/thumb/v8-m.main+fp/hard\libc_nano.a(libc_a-mlock.o)
                0x0800988c                __malloc_unlock
 .text.__ssputs_r
                0x08009898       0xb6 C:/ST/STM32CubeIDE_1.15.1/STM32CubeIDE/plugins/com.st.stm32cube.ide.mcu.externaltools.gnu-tools-for-stm32.12.3.rel1.win32_1.1.0.202410251130/tools/bin/../lib/gcc/arm-none-eabi/12.3.1/../../../../arm-none-eabi/lib/thumb/v8-m.main+fp/hard\libc_nano.a(libc_a-nano-svfprintf.o)
                0x08009898                __ssputs_r
 *fill*         0x0800994e        0x2 
 .text._svfprintf_r
                0x08009950      0x1f8 C:/ST/STM32CubeIDE_1.15.1/STM32CubeIDE/plugins/com.st.stm32cube.ide.mcu.externaltools.gnu-tools-for-stm32.12.3.rel1.win32_1.1.0.202410251130/tools/bin/../lib/gcc/arm-none-eabi/12.3.1/../../../../arm-none-eabi/lib/thumb/v8-m.main+fp/hard\libc_nano.a(libc_a-nano-svfprintf.o)
                0x08009950                _svfiprintf_r
                0x08009950                _svfprintf_r
 .text._printf_common
                0x08009b48       0xe4 C:/ST/STM32CubeIDE_1.15.1/STM32CubeIDE/plugins/com.st.stm32cube.ide.mcu.externaltools.gnu-tools-for-stm32.12.3.rel1.win32_1.1.0.202410251130/tools/bin/../lib/gcc/arm-none-eabi/12.3.1/../../../../arm-none-eabi/lib/thumb/v8-m.main+fp/hard\libc_nano.a(libc_a-nano-vfprintf_i.o)
                0x08009b48                _printf_common
 .text._printf_i
                0x08009c2c      0x240 C:/ST/STM32CubeIDE_1.15.1/STM32CubeIDE/plugins/com.st.stm32cube.ide.mcu.externaltools.gnu-tools-for-stm32.12.3.rel1.win32_1.1.0.202410251130/tools/bin/../lib/gcc/arm-none-eabi/12.3.1/../../../../arm-none-eabi/lib/thumb/v8-m.main+fp/hard\libc_nano.a(libc_a-nano-vfprintf_i.o)
                0x08009c2c                _printf_i
 .text.memmove  0x08009e6c       0x34 C:/ST/STM32CubeIDE_1.15.1/STM32CubeIDE/plugins/com.st.stm32cube.ide.mcu.externaltools.gnu-tools-for-stm32.12.3.rel1.win32_1.1.0.202410251130/tools/bin/../lib/gcc/arm-none-eabi/12.3.1/../../../../arm-none-eabi/lib/thumb/v8-m.main+fp/hard\libc_nano.a(libc_a-memmove.o)
                0x08009e6c                memmove
 .text._sbrk_r  0x08009ea0       0x20 C:/ST/STM32CubeIDE_1.15.1/STM32CubeIDE/plugins/com.st.stm32cube.ide.mcu.externaltools.gnu-tools-for-stm32.12.3.rel1.win32_1.1.0.202410251130/tools/bin/../lib/gcc/arm-none-eabi/12.3.1/../../../../arm-none-eabi/lib/thumb/v8-m.main+fp/hard\libc_nano.a(libc_a-sbrkr.o)
                0x08009ea0                _sbrk_r
 .text.memchr   0x08009ec0       0x1c C:/ST/STM32CubeIDE_1.15.1/STM32CubeIDE/plugins/com.st.stm32cube.ide.mcu.externaltools.gnu-tools-for-stm32.12.3.rel1.win32_1.1.0.202410251130/tools/bin/../lib/gcc/arm-none-eabi/12.3.1/../../../../arm-none-eabi/lib/thumb/v8-m.main+fp/hard\libc_nano.a(libc_a-memchr-stub.o)
                0x08009ec0                memchr
 .text._realloc_r
                0x08009edc       0x5c C:/ST/STM32CubeIDE_1.15.1/STM32CubeIDE/plugins/com.st.stm32cube.ide.mcu.externaltools.gnu-tools-for-stm32.12.3.rel1.win32_1.1.0.202410251130/tools/bin/../lib/gcc/arm-none-eabi/12.3.1/../../../../arm-none-eabi/lib/thumb/v8-m.main+fp/hard\libc_nano.a(libc_a-reallocr.o)
                0x08009edc                _realloc_r
 .text._malloc_usable_size_r
                0x08009f38       0x10 C:/ST/STM32CubeIDE_1.15.1/STM32CubeIDE/plugins/com.st.stm32cube.ide.mcu.externaltools.gnu-tools-for-stm32.12.3.rel1.win32_1.1.0.202410251130/tools/bin/../lib/gcc/arm-none-eabi/12.3.1/../../../../arm-none-eabi/lib/thumb/v8-m.main+fp/hard\libc_nano.a(libc_a-msizer.o)
                0x08009f38                _malloc_usable_size_r
 *(.glue_7)
 .glue_7        0x08009f48        0x0 linker stubs
 *(.glue_7t)
 .glue_7t       0x08009f48        0x0 linker stubs
 *(.eh_frame)
 .eh_frame      0x08009f48        0x0 C:/ST/STM32CubeIDE_1.15.1/STM32CubeIDE/plugins/com.st.stm32cube.ide.mcu.externaltools.gnu-tools-for-stm32.12.3.rel1.win32_1.1.0.202410251130/tools/bin/../lib/gcc/arm-none-eabi/12.3.1/thumb/v8-m.main+fp/hard/crtbegin.o
 *(.init)
 .init          0x08009f48        0x4 C:/ST/STM32CubeIDE_1.15.1/STM32CubeIDE/plugins/com.st.stm32cube.ide.mcu.externaltools.gnu-tools-for-stm32.12.3.rel1.win32_1.1.0.202410251130/tools/bin/../lib/gcc/arm-none-eabi/12.3.1/thumb/v8-m.main+fp/hard/crti.o
                0x08009f48                _init
 .init          0x08009f4c        0x8 C:/ST/STM32CubeIDE_1.15.1/STM32CubeIDE/plugins/com.st.stm32cube.ide.mcu.externaltools.gnu-tools-for-stm32.12.3.rel1.win32_1.1.0.202410251130/tools/bin/../lib/gcc/arm-none-eabi/12.3.1/thumb/v8-m.main+fp/hard/crtn.o
 *(.fini)
 .fini          0x08009f54        0x4 C:/ST/STM32CubeIDE_1.15.1/STM32CubeIDE/plugins/com.st.stm32cube.ide.mcu.externaltools.gnu-tools-for-stm32.12.3.rel1.win32_1.1.0.202410251130/tools/bin/../lib/gcc/arm-none-eabi/12.3.1/thumb/v8-m.main+fp/hard/crti.o
                0x08009f54                _fini
 .fini          0x08009f58        0x8 C:/ST/STM32CubeIDE_1.15.1/STM32CubeIDE/plugins/com.st.stm32cube.ide.mcu.externaltools.gnu-tools-for-stm32.12.3.rel1.win32_1.1.0.202410251130/tools/bin/../lib/gcc/arm-none-eabi/12.3.1/thumb/v8-m.main+fp/hard/crtn.o
                0x08009f60                        . = ALIGN (0x4)
                0x08009f60                        _etext = .

.vfp11_veneer   0x08009f60        0x0
 .vfp11_veneer  0x08009f60        0x0 linker stubs

.v4_bx          0x08009f60        0x0
 .v4_bx         0x08009f60        0x0 linker stubs

.iplt           0x08009f60        0x0
 .iplt          0x08009f60        0x0 C:/ST/STM32CubeIDE_1.15.1/STM32CubeIDE/plugins/com.st.stm32cube.ide.mcu.externaltools.gnu-tools-for-stm32.12.3.rel1.win32_1.1.0.202410251130/tools/bin/../lib/gcc/arm-none-eabi/12.3.1/thumb/v8-m.main+fp/hard/crtbegin.o

.rodata         0x08009f60      0x240
                0x08009f60                        . = ALIGN (0x4)
 *(.rodata)
 .rodata        0x08009f60       0x37 ./Core/Src/BLE_send_recv.o
 *fill*         0x08009f97        0x1 
 .rodata        0x08009f98        0xd ./Core/Src/RTC.o
 *fill*         0x08009fa5        0x3 
 .rodata        0x08009fa8       0x73 ./Core/Src/fdcan.o
 *(.rodata*)
 *fill*         0x0800a01b        0x1 
 .rodata.AHBPrescTable
                0x0800a01c       0x10 ./Core/Src/system_stm32h5xx.o
                0x0800a01c                AHBPrescTable
 .rodata.APBPrescTable
                0x0800a02c        0x8 ./Core/Src/system_stm32h5xx.o
                0x0800a02c                APBPrescTable
 .rodata.DLCtoBytes
                0x0800a034       0x10 ./Drivers/STM32H5xx_HAL_Driver/Src/stm32h5xx_hal_fdcan.o
 .rodata.UARTPrescTable
                0x0800a044       0x18 ./Drivers/STM32H5xx_HAL_Driver/Src/stm32h5xx_hal_uart.o
                0x0800a044                UARTPrescTable
 .rodata.numerator.1
                0x0800a05c        0x8 ./Drivers/STM32H5xx_HAL_Driver/Src/stm32h5xx_hal_uart_ex.o
 .rodata.denominator.0
                0x0800a064        0x8 ./Drivers/STM32H5xx_HAL_Driver/Src/stm32h5xx_hal_uart_ex.o
 .rodata._ctype_
                0x0800a06c      0x101 C:/ST/STM32CubeIDE_1.15.1/STM32CubeIDE/plugins/com.st.stm32cube.ide.mcu.externaltools.gnu-tools-for-stm32.12.3.rel1.win32_1.1.0.202410251130/tools/bin/../lib/gcc/arm-none-eabi/12.3.1/../../../../arm-none-eabi/lib/thumb/v8-m.main+fp/hard\libc_nano.a(libc_a-ctype_.o)
                0x0800a06c                _ctype_
 .rodata._svfprintf_r.str1.1
                0x0800a16d       0x11 C:/ST/STM32CubeIDE_1.15.1/STM32CubeIDE/plugins/com.st.stm32cube.ide.mcu.externaltools.gnu-tools-for-stm32.12.3.rel1.win32_1.1.0.202410251130/tools/bin/../lib/gcc/arm-none-eabi/12.3.1/../../../../arm-none-eabi/lib/thumb/v8-m.main+fp/hard\libc_nano.a(libc_a-nano-svfprintf.o)
 .rodata._printf_i.str1.1
                0x0800a17e       0x22 C:/ST/STM32CubeIDE_1.15.1/STM32CubeIDE/plugins/com.st.stm32cube.ide.mcu.externaltools.gnu-tools-for-stm32.12.3.rel1.win32_1.1.0.202410251130/tools/bin/../lib/gcc/arm-none-eabi/12.3.1/../../../../arm-none-eabi/lib/thumb/v8-m.main+fp/hard\libc_nano.a(libc_a-nano-vfprintf_i.o)
                0x0800a1a0                        . = ALIGN (0x4)

.ARM.extab      0x0800a1a0        0x0
                0x0800a1a0                        . = ALIGN (0x4)
 *(.ARM.extab* .gnu.linkonce.armextab.*)
                0x0800a1a0                        . = ALIGN (0x4)

.ARM            0x0800a1a0        0x8
                0x0800a1a0                        . = ALIGN (0x4)
                0x0800a1a0                        __exidx_start = .
 *(.ARM.exidx*)
 .ARM.exidx     0x0800a1a0        0x8 C:/ST/STM32CubeIDE_1.15.1/STM32CubeIDE/plugins/com.st.stm32cube.ide.mcu.externaltools.gnu-tools-for-stm32.12.3.rel1.win32_1.1.0.202410251130/tools/bin/../lib/gcc/arm-none-eabi/12.3.1/../../../../arm-none-eabi/lib/thumb/v8-m.main+fp/hard\libc_nano.a(libc_a-strlen.o)
 .ARM.exidx     0x0800a1a8        0x0 C:/ST/STM32CubeIDE_1.15.1/STM32CubeIDE/plugins/com.st.stm32cube.ide.mcu.externaltools.gnu-tools-for-stm32.12.3.rel1.win32_1.1.0.202410251130/tools/bin/../lib/gcc/arm-none-eabi/12.3.1/thumb/v8-m.main+fp/hard\libgcc.a(_udivmoddi4.o)
                                  0x8 (size before relaxing)
                0x0800a1a8                        __exidx_end = .
                0x0800a1a8                        . = ALIGN (0x4)

.preinit_array  0x0800a1a8        0x0
                0x0800a1a8                        . = ALIGN (0x4)
                0x0800a1a8                        PROVIDE (__preinit_array_start = .)
 *(.preinit_array*)
                0x0800a1a8                        PROVIDE (__preinit_array_end = .)
                0x0800a1a8                        . = ALIGN (0x4)

.init_array     0x0800a1a8        0x4
                0x0800a1a8                        . = ALIGN (0x4)
                0x0800a1a8                        PROVIDE (__init_array_start = .)
 *(SORT_BY_NAME(.init_array.*))
 *(.init_array*)
 .init_array    0x0800a1a8        0x4 C:/ST/STM32CubeIDE_1.15.1/STM32CubeIDE/plugins/com.st.stm32cube.ide.mcu.externaltools.gnu-tools-for-stm32.12.3.rel1.win32_1.1.0.202410251130/tools/bin/../lib/gcc/arm-none-eabi/12.3.1/thumb/v8-m.main+fp/hard/crtbegin.o
                0x0800a1ac                        PROVIDE (__init_array_end = .)
                0x0800a1ac                        . = ALIGN (0x4)

.fini_array     0x0800a1ac        0x4
                0x0800a1ac                        . = ALIGN (0x4)
                [!provide]                        PROVIDE (__fini_array_start = .)
 *(SORT_BY_NAME(.fini_array.*))
 *(.fini_array*)
 .fini_array    0x0800a1ac        0x4 C:/ST/STM32CubeIDE_1.15.1/STM32CubeIDE/plugins/com.st.stm32cube.ide.mcu.externaltools.gnu-tools-for-stm32.12.3.rel1.win32_1.1.0.202410251130/tools/bin/../lib/gcc/arm-none-eabi/12.3.1/thumb/v8-m.main+fp/hard/crtbegin.o
                [!provide]                        PROVIDE (__fini_array_end = .)
                0x0800a1b0                        . = ALIGN (0x4)
                0x0800a1b0                        _sidata = LOADADDR (.data)

.rel.dyn        0x0800a1b0        0x0
 .rel.iplt      0x0800a1b0        0x0 C:/ST/STM32CubeIDE_1.15.1/STM32CubeIDE/plugins/com.st.stm32cube.ide.mcu.externaltools.gnu-tools-for-stm32.12.3.rel1.win32_1.1.0.202410251130/tools/bin/../lib/gcc/arm-none-eabi/12.3.1/thumb/v8-m.main+fp/hard/crtbegin.o

.data           0x20000000       0xe0 load address 0x0800a1b0
                0x20000000                        . = ALIGN (0x4)
                0x20000000                        _sdata = .
 *(.data)
 *(.data*)
 .data.key_state
                0x20000000        0x4 ./Core/Src/BLE_send_recv.o
                0x20000000                key_state
 .data.dockid_buffer
                0x20000004       0x23 ./Core/Src/BLE_send_recv.o
                0x20000004                dockid_buffer
 *fill*         0x20000027        0x1 
 .data.droadcast_buffer
                0x20000028       0x40 ./Core/Src/BLE_send_recv.o
                0x20000028                droadcast_buffer
 .data.curr_time_src
                0x20000068        0x1 ./Core/Src/RTC.o
                0x20000068                curr_time_src
 *fill*         0x20000069        0x3 
 .data.nTdate   0x2000006c        0x8 ./Core/Src/RTC.o
                0x2000006c                nTdate
 .data.cTime    0x20000074        0x8 ./Core/Src/main.o
                0x20000074                cTime
 .data.Date     0x2000007c        0x8 ./Core/Src/main.o
                0x2000007c                Date
 .data.SystemCoreClock
                0x20000084        0x4 ./Core/Src/system_stm32h5xx.o
                0x20000084                SystemCoreClock
 .data.uwTickPrio
                0x20000088        0x4 ./Drivers/STM32H5xx_HAL_Driver/Src/stm32h5xx_hal.o
                0x20000088                uwTickPrio
 .data.uwTickFreq
                0x2000008c        0x1 ./Drivers/STM32H5xx_HAL_Driver/Src/stm32h5xx_hal.o
                0x2000008c                uwTickFreq
 *fill*         0x2000008d        0x3 
 .data._impure_ptr
                0x20000090        0x4 C:/ST/STM32CubeIDE_1.15.1/STM32CubeIDE/plugins/com.st.stm32cube.ide.mcu.externaltools.gnu-tools-for-stm32.12.3.rel1.win32_1.1.0.202410251130/tools/bin/../lib/gcc/arm-none-eabi/12.3.1/../../../../arm-none-eabi/lib/thumb/v8-m.main+fp/hard\libc_nano.a(libc_a-impure.o)
                0x20000090                _impure_ptr
 .data._impure_data
                0x20000094       0x4c C:/ST/STM32CubeIDE_1.15.1/STM32CubeIDE/plugins/com.st.stm32cube.ide.mcu.externaltools.gnu-tools-for-stm32.12.3.rel1.win32_1.1.0.202410251130/tools/bin/../lib/gcc/arm-none-eabi/12.3.1/../../../../arm-none-eabi/lib/thumb/v8-m.main+fp/hard\libc_nano.a(libc_a-impure.o)
                0x20000094                _impure_data
 *(.RamFunc)
 *(.RamFunc*)
                0x200000e0                        . = ALIGN (0x4)
                0x200000e0                        _edata = .

.igot.plt       0x200000e0        0x0 load address 0x0800a290
 .igot.plt      0x200000e0        0x0 C:/ST/STM32CubeIDE_1.15.1/STM32CubeIDE/plugins/com.st.stm32cube.ide.mcu.externaltools.gnu-tools-for-stm32.12.3.rel1.win32_1.1.0.202410251130/tools/bin/../lib/gcc/arm-none-eabi/12.3.1/thumb/v8-m.main+fp/hard/crtbegin.o
                0x200000e0                        . = ALIGN (0x4)

.bss            0x200000e0     0x1174 load address 0x0800a290
                0x200000e0                        _sbss = .
                0x200000e0                        __bss_start__ = _sbss
 *(.bss)
 .bss           0x200000e0       0x1c C:/ST/STM32CubeIDE_1.15.1/STM32CubeIDE/plugins/com.st.stm32cube.ide.mcu.externaltools.gnu-tools-for-stm32.12.3.rel1.win32_1.1.0.202410251130/tools/bin/../lib/gcc/arm-none-eabi/12.3.1/thumb/v8-m.main+fp/hard/crtbegin.o
 *(.bss*)
 .bss.prev_state
                0x200000fc        0x4 ./Core/Src/BLE_send_recv.o
                0x200000fc                prev_state
 .bss.scan_state
                0x20000100        0x4 ./Core/Src/BLE_send_recv.o
                0x20000100                scan_state
 .bss.bmcu_scan_rsp
                0x20000104        0x4 ./Core/Src/BLE_send_recv.o
                0x20000104                bmcu_scan_rsp
 .bss.totp_received
                0x20000108        0x4 ./Core/Src/BLE_send_recv.o
                0x20000108                totp_received
 .bss.update_broadcast
                0x2000010c        0x4 ./Core/Src/BLE_send_recv.o
                0x2000010c                update_broadcast
 .bss.totp_sent_time
                0x20000110        0x2 ./Core/Src/BLE_send_recv.o
                0x20000110                totp_sent_time
 *fill*         0x20000112        0x2 
 .bss.data_buffer
                0x20000114       0x40 ./Core/Src/BLE_send_recv.o
                0x20000114                data_buffer
 .bss.scan_timer
                0x20000154        0x4 ./Core/Src/BLE_send_recv.o
                0x20000154                scan_timer
 .bss.ti_data_ready
                0x20000158        0x4 ./Core/Src/BLE_send_recv.o
                0x20000158                ti_data_ready
 .bss.ti_buff   0x2000015c        0x4 ./Core/Src/BLE_send_recv.o
                0x2000015c                ti_buff
 .bss.totp_buf  0x20000160        0x4 ./Core/Src/BLE_send_recv.o
                0x20000160                totp_buf
 .bss.ack_buff  0x20000164        0x4 ./Core/Src/BLE_send_recv.o
                0x20000164                ack_buff
 .bss.Txheader  0x20000168       0x24 ./Core/Src/BLE_send_recv.o
                0x20000168                Txheader
 .bss.nTtime    0x2000018c        0x8 ./Core/Src/RTC.o
                0x2000018c                nTtime
 .bss.TxHeader  0x20000194       0x24 ./Core/Src/fdcan.o
                0x20000194                TxHeader
 .bss.RxHeader  0x200001b8       0x28 ./Core/Src/fdcan.o
                0x200001b8                RxHeader
 .bss.RxData    0x200001e0        0x8 ./Core/Src/fdcan.o
                0x200001e0                RxData
 .bss.collar    0x200001e8       0x28 ./Core/Src/fdcan.o
                0x200001e8                collar
 .bss.buff_segment_id
                0x20000210        0x1 ./Core/Src/fdcan.o
                0x20000210                buff_segment_id
 .bss.frame_no  0x20000211        0x1 ./Core/Src/fdcan.o
                0x20000211                frame_no
 .bss.frame_checksum
                0x20000212        0x1 ./Core/Src/fdcan.o
                0x20000212                frame_checksum
 .bss.can_data_valid
                0x20000213        0x1 ./Core/Src/fdcan.o
                0x20000213                can_data_valid
 .bss.dockID_checksum
                0x20000214        0x1 ./Core/Src/fdcan.o
                0x20000214                dockID_checksum
 .bss.alertData_checksum
                0x20000215        0x1 ./Core/Src/fdcan.o
                0x20000215                alertData_checksum
 .bss.alert_data_valid
                0x20000216        0x1 ./Core/Src/fdcan.o
                0x20000216                alert_data_valid
 .bss.send_alert_data
                0x20000217        0x1 ./Core/Src/fdcan.o
                0x20000217                send_alert_data
 .bss.summaryData_checksum
                0x20000218        0x1 ./Core/Src/fdcan.o
                0x20000218                summaryData_checksum
 .bss.summary_data_valid
                0x20000219        0x1 ./Core/Src/fdcan.o
                0x20000219                summary_data_valid
 .bss.check_can_int
                0x2000021a        0x1 ./Core/Src/fdcan.o
                0x2000021a                check_can_int
 *fill*         0x2000021b        0x1 
 .bss.checksum_error
                0x2000021c        0x4 ./Core/Src/fdcan.o
                0x2000021c                checksum_error
 .bss.checksum_success
                0x20000220        0x4 ./Core/Src/fdcan.o
                0x20000220                checksum_success
 .bss.totp_rec  0x20000224        0x1 ./Core/Src/fdcan.o
                0x20000224                totp_rec
 *fill*         0x20000225        0x3 
 .bss.rx_buffer1
                0x20000228      0x208 ./Core/Src/fdcan.o
                0x20000228                rx_buffer1
 .bss.rx_buffer2
                0x20000430      0x200 ./Core/Src/fdcan.o
                0x20000430                rx_buffer2
 .bss.can_read_buffer
                0x20000630      0x200 ./Core/Src/fdcan.o
                0x20000630                can_read_buffer
 .bss.dockID_buffer
                0x20000830       0x18 ./Core/Src/fdcan.o
                0x20000830                dockID_buffer
 .bss.mempcb_can_data
                0x20000848        0xa ./Core/Src/fdcan.o
                0x20000848                mempcb_can_data
 *fill*         0x20000852        0x2 
 .bss.device_time
                0x20000854        0x8 ./Core/Src/fdcan.o
                0x20000854                device_time
 .bss.device_date
                0x2000085c        0x8 ./Core/Src/fdcan.o
                0x2000085c                device_date
 .bss.alertData_buffer
                0x20000864      0x180 ./Core/Src/fdcan.o
                0x20000864                alertData_buffer
 .bss.summaryData_buffer
                0x200009e4      0x180 ./Core/Src/fdcan.o
                0x200009e4                summaryData_buffer
 .bss.write_data
                0x20000b64      0x200 ./Core/Src/fdcan.o
                0x20000b64                write_data
 .bss.error_buf
                0x20000d64        0x8 ./Core/Src/fdcan.o
                0x20000d64                error_buf
 .bss.totp_ack_buf
                0x20000d6c        0x2 ./Core/Src/fdcan.o
                0x20000d6c                totp_ack_buf
 *fill*         0x20000d6e        0x2 
 .bss.hfdcan1   0x20000d70       0x64 ./Core/Src/fdcan.o
                0x20000d70                hfdcan1
 .bss.current_time
                0x20000dd4        0x8 ./Core/Src/main.o
                0x20000dd4                current_time
 .bss.current_date
                0x20000ddc        0x8 ./Core/Src/main.o
                0x20000ddc                current_date
 .bss.hspi2     0x20000de4       0x90 ./Core/Src/spi.o
                0x20000de4                hspi2
 .bss.__sbrk_heap_end
                0x20000e74        0x4 ./Core/Src/sysmem.o
 .bss.time_of_day
                0x20000e78        0x4 ./Core/Src/tim.o
                0x20000e78                time_of_day
 .bss.input_date
                0x20000e7c       0x20 ./Core/Src/tim.o
                0x20000e7c                input_date
 .bss.time_50ms
                0x20000e9c        0x4 ./Core/Src/tim.o
                0x20000e9c                time_50ms
 .bss.htim6     0x20000ea0       0x4c ./Core/Src/tim.o
                0x20000ea0                htim6
 .bss.htim7     0x20000eec       0x4c ./Core/Src/tim.o
                0x20000eec                htim7
 .bss.huart1    0x20000f38       0x94 ./Core/Src/usart.o
                0x20000f38                huart1
 .bss.huart2    0x20000fcc       0x94 ./Core/Src/usart.o
                0x20000fcc                huart2
 .bss.huart3    0x20001060       0x94 ./Core/Src/usart.o
                0x20001060                huart3
 .bss.hwwdg     0x200010f4       0x14 ./Core/Src/wwdg.o
                0x200010f4                hwwdg
 .bss.uwTick    0x20001108        0x4 ./Drivers/STM32H5xx_HAL_Driver/Src/stm32h5xx_hal.o
                0x20001108                uwTick
 .bss.__sf      0x2000110c      0x138 C:/ST/STM32CubeIDE_1.15.1/STM32CubeIDE/plugins/com.st.stm32cube.ide.mcu.externaltools.gnu-tools-for-stm32.12.3.rel1.win32_1.1.0.202410251130/tools/bin/../lib/gcc/arm-none-eabi/12.3.1/../../../../arm-none-eabi/lib/thumb/v8-m.main+fp/hard\libc_nano.a(libc_a-findfp.o)
                0x2000110c                __sf
 .bss.errno     0x20001244        0x4 C:/ST/STM32CubeIDE_1.15.1/STM32CubeIDE/plugins/com.st.stm32cube.ide.mcu.externaltools.gnu-tools-for-stm32.12.3.rel1.win32_1.1.0.202410251130/tools/bin/../lib/gcc/arm-none-eabi/12.3.1/../../../../arm-none-eabi/lib/thumb/v8-m.main+fp/hard\libc_nano.a(libc_a-reent.o)
                0x20001244                errno
 .bss.__lock___malloc_recursive_mutex
                0x20001248        0x1 C:/ST/STM32CubeIDE_1.15.1/STM32CubeIDE/plugins/com.st.stm32cube.ide.mcu.externaltools.gnu-tools-for-stm32.12.3.rel1.win32_1.1.0.202410251130/tools/bin/../lib/gcc/arm-none-eabi/12.3.1/../../../../arm-none-eabi/lib/thumb/v8-m.main+fp/hard\libc_nano.a(libc_a-lock.o)
                0x20001248                __lock___malloc_recursive_mutex
 *fill*         0x20001249        0x3 
 .bss.__malloc_sbrk_start
                0x2000124c        0x4 C:/ST/STM32CubeIDE_1.15.1/STM32CubeIDE/plugins/com.st.stm32cube.ide.mcu.externaltools.gnu-tools-for-stm32.12.3.rel1.win32_1.1.0.202410251130/tools/bin/../lib/gcc/arm-none-eabi/12.3.1/../../../../arm-none-eabi/lib/thumb/v8-m.main+fp/hard\libc_nano.a(libc_a-mallocr.o)
                0x2000124c                __malloc_sbrk_start
 .bss.__malloc_free_list
                0x20001250        0x4 C:/ST/STM32CubeIDE_1.15.1/STM32CubeIDE/plugins/com.st.stm32cube.ide.mcu.externaltools.gnu-tools-for-stm32.12.3.rel1.win32_1.1.0.202410251130/tools/bin/../lib/gcc/arm-none-eabi/12.3.1/../../../../arm-none-eabi/lib/thumb/v8-m.main+fp/hard\libc_nano.a(libc_a-mallocr.o)
                0x20001250                __malloc_free_list
 *(COMMON)
                0x20001254                        . = ALIGN (0x4)
                0x20001254                        _ebss = .
                0x20001254                        __bss_end__ = _ebss

._user_heap_stack
                0x20001254      0x604 load address 0x0800a290
                0x20001258                        . = ALIGN (0x8)
 *fill*         0x20001254        0x4 
                [!provide]                        PROVIDE (end = .)
                0x20001258                        PROVIDE (_end = .)
                0x20001458                        . = (. + _Min_Heap_Size)
 *fill*         0x20001258      0x200 
                0x20001858                        . = (. + _Min_Stack_Size)
 *fill*         0x20001458      0x400 
                0x20001858                        . = ALIGN (0x8)

/DISCARD/
 libc.a(*)
 libm.a(*)
 libgcc.a(*)

.ARM.attributes
                0x00000000       0x36
 *(.ARM.attributes)
 .ARM.attributes
                0x00000000       0x26 C:/ST/STM32CubeIDE_1.15.1/STM32CubeIDE/plugins/com.st.stm32cube.ide.mcu.externaltools.gnu-tools-for-stm32.12.3.rel1.win32_1.1.0.202410251130/tools/bin/../lib/gcc/arm-none-eabi/12.3.1/thumb/v8-m.main+fp/hard/crti.o
 .ARM.attributes
                0x00000026       0x38 C:/ST/STM32CubeIDE_1.15.1/STM32CubeIDE/plugins/com.st.stm32cube.ide.mcu.externaltools.gnu-tools-for-stm32.12.3.rel1.win32_1.1.0.202410251130/tools/bin/../lib/gcc/arm-none-eabi/12.3.1/thumb/v8-m.main+fp/hard/crtbegin.o
 .ARM.attributes
                0x0000005e       0x3a ./Core/Src/BLE_send_recv.o
 .ARM.attributes
                0x00000098       0x3a ./Core/Src/RTC.o
 .ARM.attributes
                0x000000d2       0x3a ./Core/Src/fdcan.o
 .ARM.attributes
                0x0000010c       0x3a ./Core/Src/gpio.o
 .ARM.attributes
                0x00000146       0x3a ./Core/Src/main.o
 .ARM.attributes
                0x00000180       0x3a ./Core/Src/spi.o
 .ARM.attributes
                0x000001ba       0x3a ./Core/Src/stm32h5xx_hal_msp.o
 .ARM.attributes
                0x000001f4       0x3a ./Core/Src/stm32h5xx_it.o
 .ARM.attributes
                0x0000022e       0x3a ./Core/Src/sysmem.o
 .ARM.attributes
                0x00000268       0x3a ./Core/Src/system_stm32h5xx.o
 .ARM.attributes
                0x000002a2       0x3a ./Core/Src/tim.o
 .ARM.attributes
                0x000002dc       0x3a ./Core/Src/usart.o
 .ARM.attributes
                0x00000316       0x3a ./Core/Src/utilities.o
 .ARM.attributes
                0x00000350       0x3a ./Core/Src/wwdg.o
 .ARM.attributes
                0x0000038a       0x24 ./Core/Startup/startup_stm32h503cbtx.o
 .ARM.attributes
                0x000003ae       0x3a ./Drivers/STM32H5xx_HAL_Driver/Src/stm32h5xx_hal.o
 .ARM.attributes
                0x000003e8       0x3a ./Drivers/STM32H5xx_HAL_Driver/Src/stm32h5xx_hal_cortex.o
 .ARM.attributes
                0x00000422       0x3a ./Drivers/STM32H5xx_HAL_Driver/Src/stm32h5xx_hal_dma.o
 .ARM.attributes
                0x0000045c       0x3a ./Drivers/STM32H5xx_HAL_Driver/Src/stm32h5xx_hal_fdcan.o
 .ARM.attributes
                0x00000496       0x3a ./Drivers/STM32H5xx_HAL_Driver/Src/stm32h5xx_hal_gpio.o
 .ARM.attributes
                0x000004d0       0x3a ./Drivers/STM32H5xx_HAL_Driver/Src/stm32h5xx_hal_rcc.o
 .ARM.attributes
                0x0000050a       0x3a ./Drivers/STM32H5xx_HAL_Driver/Src/stm32h5xx_hal_rcc_ex.o
 .ARM.attributes
                0x00000544       0x3a ./Drivers/STM32H5xx_HAL_Driver/Src/stm32h5xx_hal_spi.o
 .ARM.attributes
                0x0000057e       0x3a ./Drivers/STM32H5xx_HAL_Driver/Src/stm32h5xx_hal_tim.o
 .ARM.attributes
                0x000005b8       0x3a ./Drivers/STM32H5xx_HAL_Driver/Src/stm32h5xx_hal_tim_ex.o
 .ARM.attributes
                0x000005f2       0x3a ./Drivers/STM32H5xx_HAL_Driver/Src/stm32h5xx_hal_uart.o
 .ARM.attributes
                0x0000062c       0x3a ./Drivers/STM32H5xx_HAL_Driver/Src/stm32h5xx_hal_uart_ex.o
 .ARM.attributes
                0x00000666       0x3a ./Drivers/STM32H5xx_HAL_Driver/Src/stm32h5xx_hal_wwdg.o
 .ARM.attributes
                0x000006a0       0x38 C:/ST/STM32CubeIDE_1.15.1/STM32CubeIDE/plugins/com.st.stm32cube.ide.mcu.externaltools.gnu-tools-for-stm32.12.3.rel1.win32_1.1.0.202410251130/tools/bin/../lib/gcc/arm-none-eabi/12.3.1/../../../../arm-none-eabi/lib/thumb/v8-m.main+fp/hard\libc_nano.a(libc_a-atoi.o)
 .ARM.attributes
                0x000006d8       0x38 C:/ST/STM32CubeIDE_1.15.1/STM32CubeIDE/plugins/com.st.stm32cube.ide.mcu.externaltools.gnu-tools-for-stm32.12.3.rel1.win32_1.1.0.202410251130/tools/bin/../lib/gcc/arm-none-eabi/12.3.1/../../../../arm-none-eabi/lib/thumb/v8-m.main+fp/hard\libc_nano.a(libc_a-strtol.o)
 .ARM.attributes
                0x00000710       0x38 C:/ST/STM32CubeIDE_1.15.1/STM32CubeIDE/plugins/com.st.stm32cube.ide.mcu.externaltools.gnu-tools-for-stm32.12.3.rel1.win32_1.1.0.202410251130/tools/bin/../lib/gcc/arm-none-eabi/12.3.1/../../../../arm-none-eabi/lib/thumb/v8-m.main+fp/hard\libc_nano.a(libc_a-ctype_.o)
 .ARM.attributes
                0x00000748       0x38 C:/ST/STM32CubeIDE_1.15.1/STM32CubeIDE/plugins/com.st.stm32cube.ide.mcu.externaltools.gnu-tools-for-stm32.12.3.rel1.win32_1.1.0.202410251130/tools/bin/../lib/gcc/arm-none-eabi/12.3.1/../../../../arm-none-eabi/lib/thumb/v8-m.main+fp/hard\libc_nano.a(libc_a-findfp.o)
 .ARM.attributes
                0x00000780       0x38 C:/ST/STM32CubeIDE_1.15.1/STM32CubeIDE/plugins/com.st.stm32cube.ide.mcu.externaltools.gnu-tools-for-stm32.12.3.rel1.win32_1.1.0.202410251130/tools/bin/../lib/gcc/arm-none-eabi/12.3.1/../../../../arm-none-eabi/lib/thumb/v8-m.main+fp/hard\libc_nano.a(libc_a-sprintf.o)
 .ARM.attributes
                0x000007b8       0x38 C:/ST/STM32CubeIDE_1.15.1/STM32CubeIDE/plugins/com.st.stm32cube.ide.mcu.externaltools.gnu-tools-for-stm32.12.3.rel1.win32_1.1.0.202410251130/tools/bin/../lib/gcc/arm-none-eabi/12.3.1/../../../../arm-none-eabi/lib/thumb/v8-m.main+fp/hard\libc_nano.a(libc_a-memset.o)
 .ARM.attributes
                0x000007f0       0x38 C:/ST/STM32CubeIDE_1.15.1/STM32CubeIDE/plugins/com.st.stm32cube.ide.mcu.externaltools.gnu-tools-for-stm32.12.3.rel1.win32_1.1.0.202410251130/tools/bin/../lib/gcc/arm-none-eabi/12.3.1/../../../../arm-none-eabi/lib/thumb/v8-m.main+fp/hard\libc_nano.a(libc_a-strncmp.o)
 .ARM.attributes
                0x00000828       0x38 C:/ST/STM32CubeIDE_1.15.1/STM32CubeIDE/plugins/com.st.stm32cube.ide.mcu.externaltools.gnu-tools-for-stm32.12.3.rel1.win32_1.1.0.202410251130/tools/bin/../lib/gcc/arm-none-eabi/12.3.1/../../../../arm-none-eabi/lib/thumb/v8-m.main+fp/hard\libc_nano.a(libc_a-strncpy.o)
 .ARM.attributes
                0x00000860       0x38 C:/ST/STM32CubeIDE_1.15.1/STM32CubeIDE/plugins/com.st.stm32cube.ide.mcu.externaltools.gnu-tools-for-stm32.12.3.rel1.win32_1.1.0.202410251130/tools/bin/../lib/gcc/arm-none-eabi/12.3.1/../../../../arm-none-eabi/lib/thumb/v8-m.main+fp/hard\libc_nano.a(libc_a-reent.o)
 .ARM.attributes
                0x00000898       0x38 C:/ST/STM32CubeIDE_1.15.1/STM32CubeIDE/plugins/com.st.stm32cube.ide.mcu.externaltools.gnu-tools-for-stm32.12.3.rel1.win32_1.1.0.202410251130/tools/bin/../lib/gcc/arm-none-eabi/12.3.1/../../../../arm-none-eabi/lib/thumb/v8-m.main+fp/hard\libc_nano.a(libc_a-impure.o)
 .ARM.attributes
                0x000008d0       0x38 C:/ST/STM32CubeIDE_1.15.1/STM32CubeIDE/plugins/com.st.stm32cube.ide.mcu.externaltools.gnu-tools-for-stm32.12.3.rel1.win32_1.1.0.202410251130/tools/bin/../lib/gcc/arm-none-eabi/12.3.1/../../../../arm-none-eabi/lib/thumb/v8-m.main+fp/hard\libc_nano.a(libc_a-errno.o)
 .ARM.attributes
                0x00000908       0x38 C:/ST/STM32CubeIDE_1.15.1/STM32CubeIDE/plugins/com.st.stm32cube.ide.mcu.externaltools.gnu-tools-for-stm32.12.3.rel1.win32_1.1.0.202410251130/tools/bin/../lib/gcc/arm-none-eabi/12.3.1/../../../../arm-none-eabi/lib/thumb/v8-m.main+fp/hard\libc_nano.a(libc_a-init.o)
 .ARM.attributes
                0x00000940       0x38 C:/ST/STM32CubeIDE_1.15.1/STM32CubeIDE/plugins/com.st.stm32cube.ide.mcu.externaltools.gnu-tools-for-stm32.12.3.rel1.win32_1.1.0.202410251130/tools/bin/../lib/gcc/arm-none-eabi/12.3.1/../../../../arm-none-eabi/lib/thumb/v8-m.main+fp/hard\libc_nano.a(libc_a-lock.o)
 .ARM.attributes
                0x00000978       0x38 C:/ST/STM32CubeIDE_1.15.1/STM32CubeIDE/plugins/com.st.stm32cube.ide.mcu.externaltools.gnu-tools-for-stm32.12.3.rel1.win32_1.1.0.202410251130/tools/bin/../lib/gcc/arm-none-eabi/12.3.1/../../../../arm-none-eabi/lib/thumb/v8-m.main+fp/hard\libc_nano.a(libc_a-strcpy.o)
 .ARM.attributes
                0x000009b0       0x38 C:/ST/STM32CubeIDE_1.15.1/STM32CubeIDE/plugins/com.st.stm32cube.ide.mcu.externaltools.gnu-tools-for-stm32.12.3.rel1.win32_1.1.0.202410251130/tools/bin/../lib/gcc/arm-none-eabi/12.3.1/../../../../arm-none-eabi/lib/thumb/v8-m.main+fp/hard\libc_nano.a(libc_a-memcpy-stub.o)
 .ARM.attributes
                0x000009e8       0x24 C:/ST/STM32CubeIDE_1.15.1/STM32CubeIDE/plugins/com.st.stm32cube.ide.mcu.externaltools.gnu-tools-for-stm32.12.3.rel1.win32_1.1.0.202410251130/tools/bin/../lib/gcc/arm-none-eabi/12.3.1/../../../../arm-none-eabi/lib/thumb/v8-m.main+fp/hard\libc_nano.a(libc_a-strlen.o)
 .ARM.attributes
                0x00000a0c       0x38 C:/ST/STM32CubeIDE_1.15.1/STM32CubeIDE/plugins/com.st.stm32cube.ide.mcu.externaltools.gnu-tools-for-stm32.12.3.rel1.win32_1.1.0.202410251130/tools/bin/../lib/gcc/arm-none-eabi/12.3.1/../../../../arm-none-eabi/lib/thumb/v8-m.main+fp/hard\libc_nano.a(libc_a-freer.o)
 .ARM.attributes
                0x00000a44       0x38 C:/ST/STM32CubeIDE_1.15.1/STM32CubeIDE/plugins/com.st.stm32cube.ide.mcu.externaltools.gnu-tools-for-stm32.12.3.rel1.win32_1.1.0.202410251130/tools/bin/../lib/gcc/arm-none-eabi/12.3.1/../../../../arm-none-eabi/lib/thumb/v8-m.main+fp/hard\libc_nano.a(libc_a-mallocr.o)
 .ARM.attributes
                0x00000a7c       0x38 C:/ST/STM32CubeIDE_1.15.1/STM32CubeIDE/plugins/com.st.stm32cube.ide.mcu.externaltools.gnu-tools-for-stm32.12.3.rel1.win32_1.1.0.202410251130/tools/bin/../lib/gcc/arm-none-eabi/12.3.1/../../../../arm-none-eabi/lib/thumb/v8-m.main+fp/hard\libc_nano.a(libc_a-mlock.o)
 .ARM.attributes
                0x00000ab4       0x38 C:/ST/STM32CubeIDE_1.15.1/STM32CubeIDE/plugins/com.st.stm32cube.ide.mcu.externaltools.gnu-tools-for-stm32.12.3.rel1.win32_1.1.0.202410251130/tools/bin/../lib/gcc/arm-none-eabi/12.3.1/../../../../arm-none-eabi/lib/thumb/v8-m.main+fp/hard\libc_nano.a(libc_a-nano-svfprintf.o)
 .ARM.attributes
                0x00000aec       0x38 C:/ST/STM32CubeIDE_1.15.1/STM32CubeIDE/plugins/com.st.stm32cube.ide.mcu.externaltools.gnu-tools-for-stm32.12.3.rel1.win32_1.1.0.202410251130/tools/bin/../lib/gcc/arm-none-eabi/12.3.1/../../../../arm-none-eabi/lib/thumb/v8-m.main+fp/hard\libc_nano.a(libc_a-nano-vfprintf_i.o)
 .ARM.attributes
                0x00000b24       0x38 C:/ST/STM32CubeIDE_1.15.1/STM32CubeIDE/plugins/com.st.stm32cube.ide.mcu.externaltools.gnu-tools-for-stm32.12.3.rel1.win32_1.1.0.202410251130/tools/bin/../lib/gcc/arm-none-eabi/12.3.1/../../../../arm-none-eabi/lib/thumb/v8-m.main+fp/hard\libc_nano.a(libc_a-memmove.o)
 .ARM.attributes
                0x00000b5c       0x38 C:/ST/STM32CubeIDE_1.15.1/STM32CubeIDE/plugins/com.st.stm32cube.ide.mcu.externaltools.gnu-tools-for-stm32.12.3.rel1.win32_1.1.0.202410251130/tools/bin/../lib/gcc/arm-none-eabi/12.3.1/../../../../arm-none-eabi/lib/thumb/v8-m.main+fp/hard\libc_nano.a(libc_a-sbrkr.o)
 .ARM.attributes
                0x00000b94       0x38 C:/ST/STM32CubeIDE_1.15.1/STM32CubeIDE/plugins/com.st.stm32cube.ide.mcu.externaltools.gnu-tools-for-stm32.12.3.rel1.win32_1.1.0.202410251130/tools/bin/../lib/gcc/arm-none-eabi/12.3.1/../../../../arm-none-eabi/lib/thumb/v8-m.main+fp/hard\libc_nano.a(libc_a-memchr-stub.o)
 .ARM.attributes
                0x00000bcc       0x38 C:/ST/STM32CubeIDE_1.15.1/STM32CubeIDE/plugins/com.st.stm32cube.ide.mcu.externaltools.gnu-tools-for-stm32.12.3.rel1.win32_1.1.0.202410251130/tools/bin/../lib/gcc/arm-none-eabi/12.3.1/../../../../arm-none-eabi/lib/thumb/v8-m.main+fp/hard\libc_nano.a(libc_a-reallocr.o)
 .ARM.attributes
                0x00000c04       0x38 C:/ST/STM32CubeIDE_1.15.1/STM32CubeIDE/plugins/com.st.stm32cube.ide.mcu.externaltools.gnu-tools-for-stm32.12.3.rel1.win32_1.1.0.202410251130/tools/bin/../lib/gcc/arm-none-eabi/12.3.1/../../../../arm-none-eabi/lib/thumb/v8-m.main+fp/hard\libc_nano.a(libc_a-msizer.o)
 .ARM.attributes
                0x00000c3c       0x26 C:/ST/STM32CubeIDE_1.15.1/STM32CubeIDE/plugins/com.st.stm32cube.ide.mcu.externaltools.gnu-tools-for-stm32.12.3.rel1.win32_1.1.0.202410251130/tools/bin/../lib/gcc/arm-none-eabi/12.3.1/thumb/v8-m.main+fp/hard\libgcc.a(_aeabi_uldivmod.o)
 .ARM.attributes
                0x00000c62       0x38 C:/ST/STM32CubeIDE_1.15.1/STM32CubeIDE/plugins/com.st.stm32cube.ide.mcu.externaltools.gnu-tools-for-stm32.12.3.rel1.win32_1.1.0.202410251130/tools/bin/../lib/gcc/arm-none-eabi/12.3.1/thumb/v8-m.main+fp/hard\libgcc.a(_udivmoddi4.o)
 .ARM.attributes
                0x00000c9a       0x26 C:/ST/STM32CubeIDE_1.15.1/STM32CubeIDE/plugins/com.st.stm32cube.ide.mcu.externaltools.gnu-tools-for-stm32.12.3.rel1.win32_1.1.0.202410251130/tools/bin/../lib/gcc/arm-none-eabi/12.3.1/thumb/v8-m.main+fp/hard\libgcc.a(_dvmd_tls.o)
 .ARM.attributes
                0x00000cc0       0x26 C:/ST/STM32CubeIDE_1.15.1/STM32CubeIDE/plugins/com.st.stm32cube.ide.mcu.externaltools.gnu-tools-for-stm32.12.3.rel1.win32_1.1.0.202410251130/tools/bin/../lib/gcc/arm-none-eabi/12.3.1/thumb/v8-m.main+fp/hard/crtn.o
OUTPUT(GEN2_v0.2_250225.elf elf32-littlearm)
LOAD linker stubs
LOAD C:/ST/STM32CubeIDE_1.15.1/STM32CubeIDE/plugins/com.st.stm32cube.ide.mcu.externaltools.gnu-tools-for-stm32.12.3.rel1.win32_1.1.0.202410251130/tools/bin/../lib/gcc/arm-none-eabi/12.3.1/../../../../arm-none-eabi/lib/thumb/v8-m.main+fp/hard\libc.a
LOAD C:/ST/STM32CubeIDE_1.15.1/STM32CubeIDE/plugins/com.st.stm32cube.ide.mcu.externaltools.gnu-tools-for-stm32.12.3.rel1.win32_1.1.0.202410251130/tools/bin/../lib/gcc/arm-none-eabi/12.3.1/../../../../arm-none-eabi/lib/thumb/v8-m.main+fp/hard\libm.a
LOAD C:/ST/STM32CubeIDE_1.15.1/STM32CubeIDE/plugins/com.st.stm32cube.ide.mcu.externaltools.gnu-tools-for-stm32.12.3.rel1.win32_1.1.0.202410251130/tools/bin/../lib/gcc/arm-none-eabi/12.3.1/thumb/v8-m.main+fp/hard\libgcc.a

.debug_info     0x00000000    0x1f0c0
 .debug_info    0x00000000     0x1103 ./Core/Src/BLE_send_recv.o
 .debug_info    0x00001103      0x5f9 ./Core/Src/RTC.o
 .debug_info    0x000016fc     0x22b8 ./Core/Src/fdcan.o
 .debug_info    0x000039b4      0x5f0 ./Core/Src/gpio.o
 .debug_info    0x00003fa4     0x1a0b ./Core/Src/main.o
 .debug_info    0x000059af     0x135a ./Core/Src/spi.o
 .debug_info    0x00006d09       0x9f ./Core/Src/stm32h5xx_hal_msp.o
 .debug_info    0x00006da8     0x1737 ./Core/Src/stm32h5xx_it.o
 .debug_info    0x000084df      0x168 ./Core/Src/sysmem.o
 .debug_info    0x00008647      0xc0b ./Core/Src/system_stm32h5xx.o
 .debug_info    0x00009252     0x11e2 ./Core/Src/tim.o
 .debug_info    0x0000a434     0x142f ./Core/Src/usart.o
 .debug_info    0x0000b863      0x9fb ./Core/Src/utilities.o
 .debug_info    0x0000c25e      0x798 ./Core/Src/wwdg.o
 .debug_info    0x0000c9f6       0x30 ./Core/Startup/startup_stm32h503cbtx.o
 .debug_info    0x0000ca26     0x1069 ./Drivers/STM32H5xx_HAL_Driver/Src/stm32h5xx_hal.o
 .debug_info    0x0000da8f     0x1522 ./Drivers/STM32H5xx_HAL_Driver/Src/stm32h5xx_hal_cortex.o
 .debug_info    0x0000efb1      0xa85 ./Drivers/STM32H5xx_HAL_Driver/Src/stm32h5xx_hal_dma.o
 .debug_info    0x0000fa36     0x1920 ./Drivers/STM32H5xx_HAL_Driver/Src/stm32h5xx_hal_fdcan.o
 .debug_info    0x00011356      0x6aa ./Drivers/STM32H5xx_HAL_Driver/Src/stm32h5xx_hal_gpio.o
 .debug_info    0x00011a00      0xfdf ./Drivers/STM32H5xx_HAL_Driver/Src/stm32h5xx_hal_rcc.o
 .debug_info    0x000129df      0xf52 ./Drivers/STM32H5xx_HAL_Driver/Src/stm32h5xx_hal_rcc_ex.o
 .debug_info    0x00013931     0x15c9 ./Drivers/STM32H5xx_HAL_Driver/Src/stm32h5xx_hal_spi.o
 .debug_info    0x00014efa     0x2e54 ./Drivers/STM32H5xx_HAL_Driver/Src/stm32h5xx_hal_tim.o
 .debug_info    0x00017d4e     0x1eaa ./Drivers/STM32H5xx_HAL_Driver/Src/stm32h5xx_hal_tim_ex.o
 .debug_info    0x00019bf8     0x4172 ./Drivers/STM32H5xx_HAL_Driver/Src/stm32h5xx_hal_uart.o
 .debug_info    0x0001dd6a     0x10ed ./Drivers/STM32H5xx_HAL_Driver/Src/stm32h5xx_hal_uart_ex.o
 .debug_info    0x0001ee57      0x269 ./Drivers/STM32H5xx_HAL_Driver/Src/stm32h5xx_hal_wwdg.o

.debug_abbrev   0x00000000     0x3b5d
 .debug_abbrev  0x00000000      0x202 ./Core/Src/BLE_send_recv.o
 .debug_abbrev  0x00000202      0x247 ./Core/Src/RTC.o
 .debug_abbrev  0x00000449      0x302 ./Core/Src/fdcan.o
 .debug_abbrev  0x0000074b      0x179 ./Core/Src/gpio.o
 .debug_abbrev  0x000008c4      0x298 ./Core/Src/main.o
 .debug_abbrev  0x00000b5c      0x21e ./Core/Src/spi.o
 .debug_abbrev  0x00000d7a       0x45 ./Core/Src/stm32h5xx_hal_msp.o
 .debug_abbrev  0x00000dbf      0x1f8 ./Core/Src/stm32h5xx_it.o
 .debug_abbrev  0x00000fb7       0xbc ./Core/Src/sysmem.o
 .debug_abbrev  0x00001073      0x13a ./Core/Src/system_stm32h5xx.o
 .debug_abbrev  0x000011ad      0x295 ./Core/Src/tim.o
 .debug_abbrev  0x00001442      0x278 ./Core/Src/usart.o
 .debug_abbrev  0x000016ba      0x296 ./Core/Src/utilities.o
 .debug_abbrev  0x00001950      0x1d8 ./Core/Src/wwdg.o
 .debug_abbrev  0x00001b28       0x24 ./Core/Startup/startup_stm32h503cbtx.o
 .debug_abbrev  0x00001b4c      0x2ac ./Drivers/STM32H5xx_HAL_Driver/Src/stm32h5xx_hal.o
 .debug_abbrev  0x00001df8      0x311 ./Drivers/STM32H5xx_HAL_Driver/Src/stm32h5xx_hal_cortex.o
 .debug_abbrev  0x00002109      0x1ff ./Drivers/STM32H5xx_HAL_Driver/Src/stm32h5xx_hal_dma.o
 .debug_abbrev  0x00002308      0x20b ./Drivers/STM32H5xx_HAL_Driver/Src/stm32h5xx_hal_fdcan.o
 .debug_abbrev  0x00002513      0x1db ./Drivers/STM32H5xx_HAL_Driver/Src/stm32h5xx_hal_gpio.o
 .debug_abbrev  0x000026ee      0x28e ./Drivers/STM32H5xx_HAL_Driver/Src/stm32h5xx_hal_rcc.o
 .debug_abbrev  0x0000297c      0x25c ./Drivers/STM32H5xx_HAL_Driver/Src/stm32h5xx_hal_rcc_ex.o
 .debug_abbrev  0x00002bd8      0x2b3 ./Drivers/STM32H5xx_HAL_Driver/Src/stm32h5xx_hal_spi.o
 .debug_abbrev  0x00002e8b      0x2bd ./Drivers/STM32H5xx_HAL_Driver/Src/stm32h5xx_hal_tim.o
 .debug_abbrev  0x00003148      0x2c7 ./Drivers/STM32H5xx_HAL_Driver/Src/stm32h5xx_hal_tim_ex.o
 .debug_abbrev  0x0000340f      0x305 ./Drivers/STM32H5xx_HAL_Driver/Src/stm32h5xx_hal_uart.o
 .debug_abbrev  0x00003714      0x2d4 ./Drivers/STM32H5xx_HAL_Driver/Src/stm32h5xx_hal_uart_ex.o
 .debug_abbrev  0x000039e8      0x175 ./Drivers/STM32H5xx_HAL_Driver/Src/stm32h5xx_hal_wwdg.o

.debug_aranges  0x00000000     0x16b8
 .debug_aranges
                0x00000000       0x58 ./Core/Src/BLE_send_recv.o
 .debug_aranges
                0x00000058       0x50 ./Core/Src/RTC.o
 .debug_aranges
                0x000000a8       0x68 ./Core/Src/fdcan.o
 .debug_aranges
                0x00000110       0x20 ./Core/Src/gpio.o
 .debug_aranges
                0x00000130       0x30 ./Core/Src/main.o
 .debug_aranges
                0x00000160       0x30 ./Core/Src/spi.o
 .debug_aranges
                0x00000190       0x20 ./Core/Src/stm32h5xx_hal_msp.o
 .debug_aranges
                0x000001b0       0xa0 ./Core/Src/stm32h5xx_it.o
 .debug_aranges
                0x00000250       0x20 ./Core/Src/sysmem.o
 .debug_aranges
                0x00000270       0x28 ./Core/Src/system_stm32h5xx.o
 .debug_aranges
                0x00000298       0x48 ./Core/Src/tim.o
 .debug_aranges
                0x000002e0       0x40 ./Core/Src/usart.o
 .debug_aranges
                0x00000320       0xc8 ./Core/Src/utilities.o
 .debug_aranges
                0x000003e8       0x28 ./Core/Src/wwdg.o
 .debug_aranges
                0x00000410       0x28 ./Core/Startup/startup_stm32h503cbtx.o
 .debug_aranges
                0x00000438      0x1a0 ./Drivers/STM32H5xx_HAL_Driver/Src/stm32h5xx_hal.o
 .debug_aranges
                0x000005d8      0x140 ./Drivers/STM32H5xx_HAL_Driver/Src/stm32h5xx_hal_cortex.o
 .debug_aranges
                0x00000718       0x98 ./Drivers/STM32H5xx_HAL_Driver/Src/stm32h5xx_hal_dma.o
 .debug_aranges
                0x000007b0      0x208 ./Drivers/STM32H5xx_HAL_Driver/Src/stm32h5xx_hal_fdcan.o
 .debug_aranges
                0x000009b8       0x78 ./Drivers/STM32H5xx_HAL_Driver/Src/stm32h5xx_hal_gpio.o
 .debug_aranges
                0x00000a30       0xa0 ./Drivers/STM32H5xx_HAL_Driver/Src/stm32h5xx_hal_rcc.o
 .debug_aranges
                0x00000ad0       0xe8 ./Drivers/STM32H5xx_HAL_Driver/Src/stm32h5xx_hal_rcc_ex.o
 .debug_aranges
                0x00000bb8      0x1a8 ./Drivers/STM32H5xx_HAL_Driver/Src/stm32h5xx_hal_spi.o
 .debug_aranges
                0x00000d60      0x3e8 ./Drivers/STM32H5xx_HAL_Driver/Src/stm32h5xx_hal_tim.o
 .debug_aranges
                0x00001148      0x240 ./Drivers/STM32H5xx_HAL_Driver/Src/stm32h5xx_hal_tim_ex.o
 .debug_aranges
                0x00001388      0x248 ./Drivers/STM32H5xx_HAL_Driver/Src/stm32h5xx_hal_uart.o
 .debug_aranges
                0x000015d0       0xa8 ./Drivers/STM32H5xx_HAL_Driver/Src/stm32h5xx_hal_uart_ex.o
 .debug_aranges
                0x00001678       0x40 ./Drivers/STM32H5xx_HAL_Driver/Src/stm32h5xx_hal_wwdg.o

.debug_rnglists
                0x00000000     0x1193
 .debug_rnglists
                0x00000000       0x40 ./Core/Src/BLE_send_recv.o
 .debug_rnglists
                0x00000040       0x3b ./Core/Src/RTC.o
 .debug_rnglists
                0x0000007b       0x51 ./Core/Src/fdcan.o
 .debug_rnglists
                0x000000cc       0x14 ./Core/Src/gpio.o
 .debug_rnglists
                0x000000e0       0x21 ./Core/Src/main.o
 .debug_rnglists
                0x00000101       0x21 ./Core/Src/spi.o
 .debug_rnglists
                0x00000122       0x13 ./Core/Src/stm32h5xx_hal_msp.o
 .debug_rnglists
                0x00000135       0x73 ./Core/Src/stm32h5xx_it.o
 .debug_rnglists
                0x000001a8       0x13 ./Core/Src/sysmem.o
 .debug_rnglists
                0x000001bb       0x1b ./Core/Src/system_stm32h5xx.o
 .debug_rnglists
                0x000001d6       0x33 ./Core/Src/tim.o
 .debug_rnglists
                0x00000209       0x30 ./Core/Src/usart.o
 .debug_rnglists
                0x00000239       0x9c ./Core/Src/utilities.o
 .debug_rnglists
                0x000002d5       0x19 ./Core/Src/wwdg.o
 .debug_rnglists
                0x000002ee       0x19 ./Core/Startup/startup_stm32h503cbtx.o
 .debug_rnglists
                0x00000307      0x134 ./Drivers/STM32H5xx_HAL_Driver/Src/stm32h5xx_hal.o
 .debug_rnglists
                0x0000043b       0xec ./Drivers/STM32H5xx_HAL_Driver/Src/stm32h5xx_hal_cortex.o
 .debug_rnglists
                0x00000527       0x77 ./Drivers/STM32H5xx_HAL_Driver/Src/stm32h5xx_hal_dma.o
 .debug_rnglists
                0x0000059e      0x18d ./Drivers/STM32H5xx_HAL_Driver/Src/stm32h5xx_hal_fdcan.o
 .debug_rnglists
                0x0000072b       0x57 ./Drivers/STM32H5xx_HAL_Driver/Src/stm32h5xx_hal_gpio.o
 .debug_rnglists
                0x00000782       0x79 ./Drivers/STM32H5xx_HAL_Driver/Src/stm32h5xx_hal_rcc.o
 .debug_rnglists
                0x000007fb       0xb4 ./Drivers/STM32H5xx_HAL_Driver/Src/stm32h5xx_hal_rcc_ex.o
 .debug_rnglists
                0x000008af      0x148 ./Drivers/STM32H5xx_HAL_Driver/Src/stm32h5xx_hal_spi.o
 .debug_rnglists
                0x000009f7      0x32e ./Drivers/STM32H5xx_HAL_Driver/Src/stm32h5xx_hal_tim.o
 .debug_rnglists
                0x00000d25      0x1cb ./Drivers/STM32H5xx_HAL_Driver/Src/stm32h5xx_hal_tim_ex.o
 .debug_rnglists
                0x00000ef0      0x1f9 ./Drivers/STM32H5xx_HAL_Driver/Src/stm32h5xx_hal_uart.o
 .debug_rnglists
                0x000010e9       0x7f ./Drivers/STM32H5xx_HAL_Driver/Src/stm32h5xx_hal_uart_ex.o
 .debug_rnglists
                0x00001168       0x2b ./Drivers/STM32H5xx_HAL_Driver/Src/stm32h5xx_hal_wwdg.o

.debug_macro    0x00000000    0x2364c
 .debug_macro   0x00000000      0x32c ./Core/Src/BLE_send_recv.o
 .debug_macro   0x0000032c      0xaba ./Core/Src/BLE_send_recv.o
 .debug_macro   0x00000de6       0x1c ./Core/Src/BLE_send_recv.o
 .debug_macro   0x00000e02       0x22 ./Core/Src/BLE_send_recv.o