../Core/Src/fdcan.c:91:6:MX_FDCAN1_Init	8	static
../Core/Src/fdcan.c:132:6:HAL_FDCAN_MspInit	184	static
../Core/Src/fdcan.c:176:6:HAL_FDCAN_MspDeInit	16	static
../Core/Src/fdcan.c:202:6:HAL_FDCAN_RxFifo0Callback	24	static
../Core/Src/fdcan.c:353:6:store_data	16	static
../Core/Src/fdcan.c:463:6:tiu_heartbeat_string	32	static
../Core/Src/fdcan.c:494:6:tiu_totp_string	24	static
../Core/Src/fdcan.c:527:6:summary_packet	24	static
../Core/Src/fdcan.c:547:6:alert_packet	24	static
../Core/Src/fdcan.c:559:6:get_devid	16	static
